
> taxlawevaluator@1.0.0 e2e
> playwright test

(node:23362) [DEP0169] DeprecationWarning: `url.parse()` behavior is not standardized and prone to errors that have security implications. Use the WHATWG URL API instead. CVEs are not issued for `url.parse()` vulnerabilities.
(Use `node --trace-deprecation ...` to show where the warning was created)

Running 73 tests using 4 workers

[1A[2K[1/73] [chromium] › tests/admin-user-permissions.spec.ts:15:3 › Admin/User Persona System › admin can login and sees admin badge and benchmark editor
[1A[2K[2/73] [chromium] › tests/admin-user-permissions.spec.ts:36:3 › Admin/User Persona System › logout returns to login form
[1A[2K[3/73] [chromium] › tests/admin-user-permissions.spec.ts:9:3 › Admin/User Persona System › should display login form when not authenticated
[1A[2K[4/73] [chromium] › tests/admin-user-permissions.spec.ts:27:3 › Admin/User Persona System › login with wrong credentials shows error
[1A[2K[5/73] [chromium] › tests/admin-user-permissions.spec.ts:49:3 › Admin/User Persona System › scenario selector shows templates and custom graphs after login
[1A[2K[6/73] [chromium] › tests/admin-user-permissions.spec.ts:69:3 › Admin/User Persona System › tax config dropdown becomes enabled after selecting scenario and shows templates
[1A[2K[7/73] [chromium] › tests/admin-user-permissions.spec.ts:95:3 › Admin/User Persona System › benchmark editor button only visible to admin
[1A[2K[8/73] [chromium] › tests/admin-user-permissions.spec.ts:107:3 › Admin/User Persona System › benchmark editor opens in modal
[1A[2K[9/73] [chromium] › tests/benchmark-comprehensive.spec.ts:7:3 › Benchmark Features (Comprehensive) › admin cannot open benchmark editor if no tax config selected
[1A[2K[10/73] [chromium] › tests/benchmark-comprehensive.spec.ts:19:3 › Benchmark Features (Comprehensive) › benchmark modal closes with Cancel button
[1A[2K[11/73] [chromium] › tests/benchmark-comprehensive.spec.ts:32:3 › Benchmark Features (Comprehensive) › benchmark modal requires all fields before saving
[1A[2K[12/73] [chromium] › tests/benchmark-comprehensive.spec.ts:63:3 › Benchmark Features (Comprehensive) › benchmark with multiple targets
[1A[2K[13/73] [chromium] › tests/benchmark-comprehensive.spec.ts:106:3 › Benchmark Features (Comprehensive) › user role cannot see benchmark editor button
[1A[2K(node:23456) [DEP0169] DeprecationWarning: `url.parse()` behavior is not standardized and prone to errors that have security implications. Use the WHATWG URL API instead. CVEs are not issued for `url.parse()` vulnerabilities.
(Use `node --trace-deprecation ...` to show where the warning was created)

[1A[2K[14/73] [chromium] › tests/benchmark-result-features.spec.ts:19:3 › Benchmark Result Features › admin can open benchmark editor
[1A[2K(node:23454) [DEP0169] DeprecationWarning: `url.parse()` behavior is not standardized and prone to errors that have security implications. Use the WHATWG URL API instead. CVEs are not issued for `url.parse()` vulnerabilities.
(Use `node --trace-deprecation ...` to show where the warning was created)

[1A[2K[15/73] [chromium] › tests/benchmark-result-features.spec.ts:32:3 › Benchmark Result Features › non-admin cannot see benchmark editor button
[1A[2K[16/73] [chromium] › tests/benchmark-result-features.spec.ts:42:3 › Benchmark Result Features › admin can create benchmark with target value
[1A[2K[17/73] [chromium] › tests/benchmark-result-features.spec.ts:85:3 › Benchmark Result Features › benchmark result node displays target and actual
[1A[2K  1) [chromium] › tests/benchmark-comprehensive.spec.ts:63:3 › Benchmark Features (Comprehensive) › benchmark with multiple targets 

    Error: [2mexpect([22m[31mlocator[39m[2m).[22mtoBeVisible[2m([22m[2m)[22m failed

    Locator: locator('[data-testid="benchmark-editor-modal"]')
    Expected: visible
    Timeout: 5000ms
    Error: element(s) not found

    Call log:
    [2m  - Expect "toBeVisible" with timeout 5000ms[22m
    [2m  - waiting for locator('[data-testid="benchmark-editor-modal"]')[22m


       at helpers.ts:211

      209 | export async function openBenchmarkEditor(page: Page): Promise<void> {
      210 |   await page.click('[data-testid="benchmark-editor-button"]');
    > 211 |   await expect(page.locator('[data-testid="benchmark-editor-modal"]')).toBeVisible();
          |                                                                        ^
      212 | }
      213 |
      214 | export async function closeBenchmarkEditor(page: Page): Promise<void> {
        at openBenchmarkEditor (/Users/rudolfchrispens/Documents/GIT/TaxLawEvaluator/tests/helpers.ts:211:72)
        at /Users/rudolfchrispens/Documents/GIT/TaxLawEvaluator/tests/benchmark-comprehensive.spec.ts:69:5

    Error Context: test-results/benchmark-comprehensive-Be-24e39-hmark-with-multiple-targets-chromium/error-context.md


[1A[2K[18/73] [chromium] › tests/error-handling.spec.ts:7:3 › Error Handling & Edge Cases › invalid formula syntax shows error message
[1A[2K[19/73] [chromium] › tests/error-handling.spec.ts:36:3 › Error Handling & Edge Cases › formula with undefined variable still creates node but shows warning
[1A[2K[20/73] [chromium] › tests/error-handling.spec.ts:63:3 › Error Handling & Edge Cases › creating node with very long name handles gracefully
[1A[2K[21/73] [chromium] › tests/error-handling.spec.ts:87:3 › Error Handling & Edge Cases › node with formula using only literals (no variables) works
[1A[2K[22/73] [chromium] › tests/error-handling.spec.ts:110:3 › Error Handling & Edge Cases › empty scenario selection prevents tax config selection
[1A[2K[23/73] [chromium] › tests/error-handling.spec.ts:119:3 › Error Handling & Edge Cases › graph nodes render correctly after rapid creation
[1A[2K  2) [chromium] › tests/benchmark-comprehensive.spec.ts:32:3 › Benchmark Features (Comprehensive) › benchmark modal requires all fields before saving 

    [31mTest timeout of 120000ms exceeded.[39m

    Error: locator.click: Test timeout of 120000ms exceeded.
    Call log:
    [2m  - waiting for locator('[role="listbox"]').locator('[role="option"]').nth(1)[22m


      51 |     const listbox = page.locator('[role="listbox"]');
      52 |     await expect(listbox).toBeVisible();
    > 53 |     await listbox.locator('[role="option"]').nth(1).click();
         |                                                     ^
      54 |     // Still disabled - need at least one target
      55 |     await expect(saveBtn).toBeDisabled();
      56 |
        at /Users/rudolfchrispens/Documents/GIT/TaxLawEvaluator/tests/benchmark-comprehensive.spec.ts:53:53

    Error Context: test-results/benchmark-comprehensive-Be-0e566-es-all-fields-before-saving-chromium/error-context.md


[1A[2K[24/73] [chromium] › tests/graph-persistence-comprehensive.spec.ts:7:3 › Graph Persistence (Comprehensive) › saved scenario graph appears in dropdown after reload
[1A[2K  3) [chromium] › tests/error-handling.spec.ts:63:3 › Error Handling & Edge Cases › creating node with very long name handles gracefully 

    [31mTest timeout of 120000ms exceeded.[39m

    Error: locator.click: Test timeout of 120000ms exceeded.
    Call log:
    [2m  - waiting for getByRole('option', { name: 'Generic Median Family - 2A 2C' })[22m
    [2m    - locator resolved to <div role="option" tabindex="-1" data-highlighted="" aria-selected="false" data-state="unchecked" aria-labelledby="radix-:rr:" data-radix-collection-item="" aria-label="Generic Median Family - 2A 2C" class="relative flex w-full cursor-default select-none items-center rounded-sm py-1.5 pl-8 pr-2 outline-none focus:bg-accent focus:text-accent-foreground data-[disabled]:pointer-events-none data-[disabled]:bg-muted text-sm">…</div>[22m
    [2m  - attempting click action[22m
    [2m    - waiting for element to be visible, enabled and stable[22m
    [2m    - element is visible, enabled and stable[22m
    [2m    - scrolling into view if needed[22m
    [2m    - done scrolling[22m
    [2m    - waiting for" http://localhost:5173/" navigation to finish...[22m
    [2m    - navigated to "http://localhost:5173/"[22m


       at helpers.ts:54

      52 |   const option = page.getByRole('option', { name: label });
      53 |   await expect(option).toBeVisible();
    > 54 |   await option.click();
         |                ^
      55 |
      56 |   const taxCombo = page.getByRole('combobox', { name: /Tax configuration selector/i });
      57 |   await expect(taxCombo).toBeEnabled({ timeout: 10000 });
        at selectScenario (/Users/rudolfchrispens/Documents/GIT/TaxLawEvaluator/tests/helpers.ts:54:16)
        at /Users/rudolfchrispens/Documents/GIT/TaxLawEvaluator/tests/error-handling.spec.ts:66:5

    Error Context: test-results/error-handling-Error-Handl-cd3bf-ong-name-handles-gracefully-chromium/error-context.md


[1A[2K  4) [chromium] › tests/error-handling.spec.ts:7:3 › Error Handling & Edge Cases › invalid formula syntax shows error message 

    [31mTest timeout of 120000ms exceeded.[39m

    Error: page.click: Test timeout of 120000ms exceeded.
    Call log:
    [2m  - waiting for locator('[data-testid="login-button"]')[22m
    [2m    - waiting for" http://localhost:5173/" navigation to finish...[22m
    [2m    - navigated to "http://localhost:5173/"[22m
    [2m    - locator resolved to <button disabled type="submit" data-testid="login-button" class="inline-flex items-center justify-center gap-2 whitespace-nowrap text-sm font-medium ring-offset-background transition-colors focus-visible:outline-none focus-visible:ring-2 focus-visible:ring-ring focus-visible:ring-offset-2 disabled:pointer-events-none disabled:bg-secondary disabled:text-muted-foreground [&_svg]:pointer-events-none [&_svg]:size-4 [&_svg]:shrink-0 bg-primary text-primary-foreground hover:bg-primary h-9 rounded-md px-3">Login</button>[22m
    [2m  - attempting click action[22m
    [2m    2 × waiting for element to be visible, enabled and stable[22m
    [2m      - element is not enabled[22m
    [2m    - retrying click action[22m
    [2m    - waiting 20ms[22m
    [2m    2 × waiting for element to be visible, enabled and stable[22m
    [2m      - element is not enabled[22m
    [2m    - retrying click action[22m
    [2m      - waiting 100ms[22m
    [2m    2 × waiting for element to be visible, enabled and stable[22m
    [2m      - element is not enabled[22m
    [2m    - retrying click action[22m
    [2m      - waiting 500ms[22m
    [2m    - element was detached from the DOM, retrying[22m
    [2m      - locator resolved to <button disabled type="submit" data-testid="login-button" class="inline-flex items-center justify-center gap-2 whitespace-nowrap text-sm font-medium ring-offset-background transition-colors focus-visible:outline-none focus-visible:ring-2 focus-visible:ring-ring focus-visible:ring-offset-2 disabled:pointer-events-none disabled:bg-secondary disabled:text-muted-foreground [&_svg]:pointer-events-none [&_svg]:size-4 [&_svg]:shrink-0 bg-primary text-primary-foreground hover:bg-primary h-9 rounded-md px-3">Login</button>[22m
    [2m    - attempting click action[22m
    [2m      - waiting for element to be visible, enabled and stable[22m
    [2m      - element is not enabled[22m
    [2m    - retrying click action[22m
    [2m      - waiting for element to be visible, enabled and stable[22m
    [2m      - element is not enabled[22m
    [2m    - retrying click action[22m
    [2m      - waiting 20ms[22m
    [2m      - waiting for element to be visible, enabled and stable[22m
    [2m      - element is not enabled[22m
    [2m    - retrying click action[22m
    [2m      - waiting 100ms[22m
    [2m      - waiting for element to be visible, enabled and stable[22m
    [2m      - element is not enabled[22m
    [2m    - retrying click action[22m
    [2m      - waiting 100ms[22m
    [2m      - waiting for element to be visible, enabled and stable[22m
    [2m      - element is not enabled[22m
    [2m    - retrying click action[22m
    [2m      - waiting 500ms[22m
    [2m    224 × waiting for element to be visible, enabled and stable[22m
    [2m        - element is not enabled[22m
    [2m      - retrying click action[22m
    [2m        - waiting 500ms[22m


       at helpers.ts:20

      18 |   await page.fill('[data-testid="password-input"]', password);
      19 |   await expect(page.getByRole('button', { name: 'Login' })).toBeEnabled({ timeout: 10000 });
    > 20 |   await page.click('[data-testid="login-button"]');
         |              ^
      21 |   await expect(page.getByRole('button', { name: 'Logout' })).toBeVisible();
      22 | }
      23 |
        at login (/Users/rudolfchrispens/Documents/GIT/TaxLawEvaluator/tests/helpers.ts:20:14)
        at /Users/rudolfchrispens/Documents/GIT/TaxLawEvaluator/tests/error-handling.spec.ts:8:5

    Error Context: test-results/error-handling-Error-Handl-cf9e9--syntax-shows-error-message-chromium/error-context.md


[1A[2K[25/73] [chromium] › tests/graph-persistence-comprehensive.spec.ts:30:3 › Graph Persistence (Comprehensive) › saved tax law graph appears in dropdown after reload
[1A[2K[26/73] [chromium] › tests/graph-persistence-comprehensive.spec.ts:57:3 › Graph Persistence (Comprehensive) › loading saved scenario preserves custom nodes
[1A[2K  5) [chromium] › tests/error-handling.spec.ts:119:3 › Error Handling & Edge Cases › graph nodes render correctly after rapid creation 

    [31mTest timeout of 120000ms exceeded.[39m

    Error: page.click: Test timeout of 120000ms exceeded.
    Call log:
    [2m  - waiting for locator('[data-testid="tax-rule-button"]')[22m
    [2m    - locator resolved to <button disabled data-testid="tax-rule-button" class="inline-flex items-center justify-center gap-2 whitespace-nowrap text-sm font-medium ring-offset-background focus-visible:outline-none focus-visible:ring-2 focus-visible:ring-ring focus-visible:ring-offset-2 disabled:pointer-events-none disabled:bg-secondary disabled:text-muted-foreground [&_svg]:pointer-events-none [&_svg]:size-4 [&_svg]:shrink-0 border hover:text-accent-foreground h-9 rounded-md px-3 border-[hsl(var(--logic-node))] text-foreground…>…</button>[22m
    [2m  - attempting click action[22m
    [2m    2 × waiting for element to be visible, enabled and stable[22m
    [2m      - element is not enabled[22m
    [2m    - retrying click action[22m
    [2m    - waiting 20ms[22m
    [2m    2 × waiting for element to be visible, enabled and stable[22m
    [2m      - element is not enabled[22m
    [2m    - retrying click action[22m
    [2m      - waiting 100ms[22m
    [2m    229 × waiting for element to be visible, enabled and stable[22m
    [2m        - element is not enabled[22m
    [2m      - retrying click action[22m
    [2m        - waiting 500ms[22m


      126 |     const names = ['Rule 1', 'Rule 2', 'Rule 3'];
      127 |     for (const name of names) {
    > 128 |       await page.click('[data-testid="tax-rule-button"]');
          |                  ^
      129 |       await page.waitForTimeout(200);
      130 |
      131 |       const createNewTab = page.locator('[data-testid="create-new-rule-tab"]');
        at /Users/rudolfchrispens/Documents/GIT/TaxLawEvaluator/tests/error-handling.spec.ts:128:18

    Error Context: test-results/error-handling-Error-Handl-9b03c-rectly-after-rapid-creation-chromium/error-context.md


[1A[2K  6) [chromium] › tests/graph-persistence-comprehensive.spec.ts:30:3 › Graph Persistence (Comprehensive) › saved tax law graph appears in dropdown after reload 

    Error: [2mexpect([22m[31mlocator[39m[2m).[22mtoBeVisible[2m([22m[2m)[22m failed

    Locator: locator('.node-widget:has([data-testid="node-title"]:text("Persisted Rule"))')
    Expected: visible
    Error: strict mode violation: locator('.node-widget:has([data-testid="node-title"]:text("Persisted Rule"))') resolved to 10 elements:
        1) <div class="group node-widget relative flex items-stretch min-w-[280px] bg-card border border-[hsl(var(--logic-node))] rounded-xl shadow-sm hover:shadow-lg">…</div> aka getByText('a(38.400)+−Persisted Rule$a * 0.07=').first()
        2) <div class="group node-widget relative flex items-stretch min-w-[280px] bg-card border border-[hsl(var(--logic-node))] rounded-xl shadow-sm hover:shadow-lg">…</div> aka getByText('a(38.400)+−Persisted Rule$a * 0.09=').first()
        3) <div class="group node-widget relative flex items-stretch min-w-[280px] bg-card border border-[hsl(var(--logic-node))] rounded-xl shadow-sm hover:shadow-lg">…</div> aka getByText('a(38.400)+−Persisted Rule$a * 0.07=').nth(1)
        4) <div class="group node-widget relative flex items-stretch min-w-[280px] bg-card border border-[hsl(var(--logic-node))] rounded-xl shadow-sm hover:shadow-lg">…</div> aka getByText('a(38.400)+−Persisted Rule$a * 0.09=').nth(1)
        5) <div class="group node-widget relative flex items-stretch min-w-[280px] bg-card border border-[hsl(var(--logic-node))] rounded-xl shadow-sm hover:shadow-lg">…</div> aka getByText('a(38.400)+−Persisted Rule$a * 0.07=').nth(2)
        6) <div class="group node-widget relative flex items-stretch min-w-[280px] bg-card border border-[hsl(var(--logic-node))] rounded-xl shadow-sm hover:shadow-lg">…</div> aka getByText('a(38.400)+−Persisted Rule$a * 0.09=').nth(2)
        7) <div class="group node-widget relative flex items-stretch min-w-[280px] bg-card border border-[hsl(var(--logic-node))] rounded-xl shadow-sm hover:shadow-lg">…</div> aka getByText('a(38.400)+−Persisted Rule$a * 0.07=').nth(3)
        8) <div class="group node-widget relative flex items-stretch min-w-[280px] bg-card border border-[hsl(var(--logic-node))] rounded-xl shadow-sm hover:shadow-lg">…</div> aka getByText('a(38.400)+−Persisted Rule$a * 0.09=').nth(3)
        9) <div class="group node-widget relative flex items-stretch min-w-[280px] bg-card border border-[hsl(var(--logic-node))] rounded-xl shadow-sm hover:shadow-lg">…</div> aka getByText('a(38.400)+−Persisted Rule$a * 0.07=').nth(4)
        10) <div class="group node-widget relative flex items-stretch min-w-[280px] bg-card border border-[hsl(var(--logic-node))] rounded-xl shadow-sm hover:shadow-lg">…</div> aka getByText('a(38.400)+−Persisted Rule$a * 0.09=').nth(4)

    Call log:
    [2m  - Expect "toBeVisible" with timeout 15000ms[22m
    [2m  - waiting for locator('.node-widget:has([data-testid="node-title"]:text("Persisted Rule"))')[22m


       at helpers.ts:108

      106 |   // Find node widget that contains a node-title with the given name
      107 |   const node = page.locator(`.node-widget:has([data-testid="node-title"]:text("${name}"))`);
    > 108 |   await expect(node).toBeVisible();
          |                      ^
      109 | }
      110 |
      111 | export async function createResultNode(page: Page): Promise<void> {
        at createTaxRule (/Users/rudolfchrispens/Documents/GIT/TaxLawEvaluator/tests/helpers.ts:108:22)
        at /Users/rudolfchrispens/Documents/GIT/TaxLawEvaluator/tests/graph-persistence-comprehensive.spec.ts:37:5

    Error Context: test-results/graph-persistence-comprehe-17010-rs-in-dropdown-after-reload-chromium/error-context.md


[1A[2K[27/73] [chromium] › tests/graph-persistence-comprehensive.spec.ts:80:3 › Graph Persistence (Comprehensive) › loading saved tax law preserves custom tax rules
[1A[2K[28/73] [chromium] › tests/graph-persistence-comprehensive.spec.ts:104:3 › Graph Persistence (Comprehensive) › save scenario as creates new graph when overwriting not allowed
[1A[2K  7) [chromium] › tests/graph-persistence-comprehensive.spec.ts:80:3 › Graph Persistence (Comprehensive) › loading saved tax law preserves custom tax rules 

    Error: [2mexpect([22m[31mlocator[39m[2m).[22mtoBeVisible[2m([22m[2m)[22m failed

    Locator: locator('.node-widget:has([data-testid="node-title"]:text("Persisted Rule"))')
    Expected: visible
    Error: strict mode violation: locator('.node-widget:has([data-testid="node-title"]:text("Persisted Rule"))') resolved to 11 elements:
        1) <div class="group node-widget relative flex items-stretch min-w-[280px] bg-card border border-[hsl(var(--logic-node))] rounded-xl shadow-sm hover:shadow-lg">…</div> aka getByText('a(38.400)+−Persisted Rule$a * 0.07=').first()
        2) <div class="group node-widget relative flex items-stretch min-w-[280px] bg-card border border-[hsl(var(--logic-node))] rounded-xl shadow-sm hover:shadow-lg">…</div> aka getByText('a(38.400)+−Persisted Rule$a * 0.09=').first()
        3) <div class="group node-widget relative flex items-stretch min-w-[280px] bg-card border border-[hsl(var(--logic-node))] rounded-xl shadow-sm hover:shadow-lg">…</div> aka getByText('a(38.400)+−Persisted Rule$a * 0.07=').nth(1)
        4) <div class="group node-widget relative flex items-stretch min-w-[280px] bg-card border border-[hsl(var(--logic-node))] rounded-xl shadow-sm hover:shadow-lg">…</div> aka getByText('a(38.400)+−Persisted Rule$a * 0.09=').nth(1)
        5) <div class="group node-widget relative flex items-stretch min-w-[280px] bg-card border border-[hsl(var(--logic-node))] rounded-xl shadow-sm hover:shadow-lg">…</div> aka getByText('a(38.400)+−Persisted Rule$a * 0.07=').nth(2)
        6) <div class="group node-widget relative flex items-stretch min-w-[280px] bg-card border border-[hsl(var(--logic-node))] rounded-xl shadow-sm hover:shadow-lg">…</div> aka getByText('a(38.400)+−Persisted Rule$a * 0.09=').nth(2)
        7) <div class="group node-widget relative flex items-stretch min-w-[280px] bg-card border border-[hsl(var(--logic-node))] rounded-xl shadow-sm hover:shadow-lg">…</div> aka getByText('a(38.400)+−Persisted Rule$a * 0.07=').nth(3)
        8) <div class="group node-widget relative flex items-stretch min-w-[280px] bg-card border border-[hsl(var(--logic-node))] rounded-xl shadow-sm hover:shadow-lg">…</div> aka getByText('a(38.400)+−Persisted Rule$a * 0.09=').nth(3)
        9) <div class="group node-widget relative flex items-stretch min-w-[280px] bg-card border border-[hsl(var(--logic-node))] rounded-xl shadow-sm hover:shadow-lg">…</div> aka getByText('a(38.400)+−Persisted Rule$a * 0.07=').nth(4)
        10) <div class="group node-widget relative flex items-stretch min-w-[280px] bg-card border border-[hsl(var(--logic-node))] rounded-xl shadow-sm hover:shadow-lg">…</div> aka getByText('a(38.400)+−Persisted Rule$a * 0.09=').nth(4)
        ...

    Call log:
    [2m  - Expect "toBeVisible" with timeout 15000ms[22m
    [2m  - waiting for locator('.node-widget:has([data-testid="node-title"]:text("Persisted Rule"))')[22m


       at helpers.ts:108

      106 |   // Find node widget that contains a node-title with the given name
      107 |   const node = page.locator(`.node-widget:has([data-testid="node-title"]:text("${name}"))`);
    > 108 |   await expect(node).toBeVisible();
          |                      ^
      109 | }
      110 |
      111 | export async function createResultNode(page: Page): Promise<void> {
        at createTaxRule (/Users/rudolfchrispens/Documents/GIT/TaxLawEvaluator/tests/helpers.ts:108:22)
        at /Users/rudolfchrispens/Documents/GIT/TaxLawEvaluator/tests/graph-persistence-comprehensive.spec.ts:89:5

    Error Context: test-results/graph-persistence-comprehe-5451e--preserves-custom-tax-rules-chromium/error-context.md


[1A[2K[29/73] [chromium] › tests/graph-persistence-comprehensive.spec.ts:128:3 › Graph Persistence (Comprehensive) › graph save includes node positions
[1A[2K[30/73] [chromium] › tests/graph-persistence-comprehensive.spec.ts:150:3 › Graph Persistence (Comprehensive) › multiple saves update existing graph (version increment)
[1A[2K  8) [chromium] › tests/graph-persistence-comprehensive.spec.ts:7:3 › Graph Persistence (Comprehensive) › saved scenario graph appears in dropdown after reload 

    Error: [2mexpect([22m[31mlocator[39m[2m).[22mtoBeVisible[2m([22m[2m)[22m failed

    Locator: getByRole('option', { name: 'My Custom Scenario - 1774800808596' })
    Expected: visible
    Timeout: 10000ms
    Error: element(s) not found

    Call log:
    [2m  - Expect "toBeVisible" with timeout 10000ms[22m
    [2m  - waiting for getByRole('option', { name: 'My Custom Scenario - 1774800808596' })[22m


      25 |     // Custom scenario should be in dropdown
      26 |     const customOption = page.getByRole('option', { name: customScenarioName });
    > 27 |     await expect(customOption).toBeVisible();
         |                                ^
      28 |   });
      29 |
      30 |   test('saved tax law graph appears in dropdown after reload', async ({ page }) => {
        at /Users/rudolfchrispens/Documents/GIT/TaxLawEvaluator/tests/graph-persistence-comprehensive.spec.ts:27:32

    Error Context: test-results/graph-persistence-comprehe-91fab-rs-in-dropdown-after-reload-chromium/error-context.md


[1A[2K[31/73] [chromium] › tests/node-connections.spec.ts:7:3 › Node Connections › auto-wiring connects formula variables to source nodes
[1A[2K[32/73] [chromium] › tests/node-connections.spec.ts:48:3 › Node Connections › multiple input ports appear for multiple variables in formula
[1A[2K[33/73] [chromium] › tests/node-connections.spec.ts:91:3 › Node Connections › manual connections can be made by dragging between ports
[1A[2K[34/73] [chromium] › tests/node-manipulation.spec.ts:7:3 › Node Manipulation › user can delete a source node
[1A[2K[35/73] [chromium] › tests/node-manipulation.spec.ts:27:3 › Node Manipulation › user can delete a tax rule node
[1A[2K  9) [chromium] › tests/node-connections.spec.ts:7:3 › Node Connections › auto-wiring connects formula variables to source nodes 

    Error: [2mexpect([22m[31mlocator[39m[2m).[22mtoBeVisible[2m([22m[2m)[22m failed

    Locator: locator('.node-widget:has([data-testid="node-title"]:text("Derived Tax"))')
    Expected: visible
    Timeout: 5000ms
    Error: element(s) not found

    Call log:
    [2m  - Expect "toBeVisible" with timeout 5000ms[22m
    [2m  - waiting for locator('.node-widget:has([data-testid="node-title"]:text("Derived Tax"))')[22m


      38 |     // Verify the rule node appears
      39 |     const ruleNode = page.locator(`.node-widget:has([data-testid="node-title"]:text("${ruleName}"))`);
    > 40 |     await expect(ruleNode).toBeVisible();
         |                            ^
      41 |
      42 |     // The automatic wiring should have created a link from source node to rule node
      43 |     // Verify the input port label appears in the node (the variable name as port)
        at /Users/rudolfchrispens/Documents/GIT/TaxLawEvaluator/tests/node-connections.spec.ts:40:28

    Error Context: test-results/node-connections-Node-Conn-7a944-a-variables-to-source-nodes-chromium/error-context.md


[1A[2K[36/73] [chromium] › tests/node-manipulation.spec.ts:56:3 › Node Manipulation › deleting a node also removes its connections
[1A[2K  10) [chromium] › tests/node-manipulation.spec.ts:56:3 › Node Manipulation › deleting a node also removes its connections 

    Error: [2mexpect([22m[31mlocator[39m[2m).[22mtoBeVisible[2m([22m[2m)[22m failed

    Locator: locator('.node-widget:has([data-testid="node-title"]:text("Source For Delete - 1774800837337"))')
    Expected: visible
    Timeout: 5000ms
    Error: element(s) not found

    Call log:
    [2m  - Expect "toBeVisible" with timeout 5000ms[22m
    [2m  - waiting for locator('.node-widget:has([data-testid="node-title"]:text("Source For Delete - 1774800837337"))')[22m


       at helpers.ts:121

      119 |   // Find the node widget that contains a node-title with the given name
      120 |   const node = page.locator(`.node-widget:has([data-testid="node-title"]:text("${nodeName}"))`);
    > 121 |   await expect(node).toBeVisible();
          |                      ^
      122 |
      123 |   // Hover over the node to show the delete button (it appears on group-hover)
      124 |   await node.hover();
        at deleteNode (/Users/rudolfchrispens/Documents/GIT/TaxLawEvaluator/tests/helpers.ts:121:22)
        at /Users/rudolfchrispens/Documents/GIT/TaxLawEvaluator/tests/node-manipulation.spec.ts:82:11

    Error Context: test-results/node-manipulation-Node-Man-18218-lso-removes-its-connections-chromium/error-context.md


[1A[2K[37/73] [chromium] › tests/node-manipulation.spec.ts:91:3 › Node Manipulation › user can move a node on canvas
[1A[2K[38/73] [chromium] › tests/performance.spec.ts:7:3 › Performance & Large Graphs › graph handles 20+ nodes without lag
[1A[2K  11) [chromium] › tests/graph-persistence-comprehensive.spec.ts:57:3 › Graph Persistence (Comprehensive) › loading saved scenario preserves custom nodes 

    [31mTest timeout of 120000ms exceeded.[39m

    Error: page.click: Test timeout of 120000ms exceeded.
    Call log:
    [2m  - waiting for locator('[data-testid="source-node-button"]')[22m
    [2m    - locator resolved to <button data-testid="source-node-button" class="inline-flex items-center justify-center gap-2 whitespace-nowrap text-sm font-medium ring-offset-background focus-visible:outline-none focus-visible:ring-2 focus-visible:ring-ring focus-visible:ring-offset-2 disabled:pointer-events-none disabled:bg-secondary disabled:text-muted-foreground [&_svg]:pointer-events-none [&_svg]:size-4 [&_svg]:shrink-0 border hover:text-accent-foreground h-9 rounded-md px-3 border-[hsl(var(--source-node))] text-foreground bg-s…>…</button>[22m
    [2m  - attempting click action[22m
    [2m    - waiting for element to be visible, enabled and stable[22m
    [2m    - element is visible, enabled and stable[22m
    [2m    - scrolling into view if needed[22m
    [2m    - locator resolved to <button disabled data-testid="source-node-button" class="inline-flex items-center justify-center gap-2 whitespace-nowrap text-sm font-medium ring-offset-background focus-visible:outline-none focus-visible:ring-2 focus-visible:ring-ring focus-visible:ring-offset-2 disabled:pointer-events-none disabled:bg-secondary disabled:text-muted-foreground [&_svg]:pointer-events-none [&_svg]:size-4 [&_svg]:shrink-0 border hover:text-accent-foreground h-9 rounded-md px-3 border-[hsl(var(--source-node))] text-foregr…>…</button>[22m
    [2m  - attempting click action[22m
    [2m    2 × waiting for element to be visible, enabled and stable[22m
    [2m      - element is not enabled[22m
    [2m    - retrying click action[22m
    [2m    - waiting 20ms[22m
    [2m    2 × waiting for element to be visible, enabled and stable[22m
    [2m      - element is not enabled[22m
    [2m    - retrying click action[22m
    [2m      - waiting 100ms[22m
    [2m    4 × waiting for element to be visible, enabled and stable[22m
    [2m      - element is not enabled[22m
    [2m    - retrying click action[22m
    [2m      - waiting 500ms[22m
    [2m  - element was detached from the DOM, retrying[22m
    [2m    - locator resolved to <button disabled data-testid="source-node-button" class="inline-flex items-center justify-center gap-2 whitespace-nowrap text-sm font-medium ring-offset-background focus-visible:outline-none focus-visible:ring-2 focus-visible:ring-ring focus-visible:ring-offset-2 disabled:pointer-events-none disabled:bg-secondary disabled:text-muted-foreground [&_svg]:pointer-events-none [&_svg]:size-4 [&_svg]:shrink-0 border hover:text-accent-foreground h-9 rounded-md px-3 border-[hsl(var(--source-node))] text-foregr…>…</button>[22m
    [2m  - attempting click action[22m
    [2m    - waiting for element to be visible, enabled and stable[22m
    [2m    - element is not stable[22m
    [2m  - retrying click action[22m
    [2m    - waiting for element to be visible, enabled and stable[22m
    [2m    - element is not enabled[22m
    [2m  - retrying click action[22m
    [2m    - waiting 20ms[22m
    [2m    2 × waiting for element to be visible, enabled and stable[22m
    [2m      - element is not enabled[22m
    [2m    - retrying click action[22m
    [2m      - waiting 100ms[22m
    [2m    18 × waiting for element to be visible, enabled and stable[22m
    [2m       - element is not enabled[22m
    [2m     - retrying click action[22m
    [2m       - waiting 500ms[22m
    [2m  - element was detached from the DOM, retrying[22m
    [2m    - locator resolved to <button disabled data-testid="source-node-button" class="inline-flex items-center justify-center gap-2 whitespace-nowrap text-sm font-medium ring-offset-background focus-visible:outline-none focus-visible:ring-2 focus-visible:ring-ring focus-visible:ring-offset-2 disabled:pointer-events-none disabled:bg-secondary disabled:text-muted-foreground [&_svg]:pointer-events-none [&_svg]:size-4 [&_svg]:shrink-0 border hover:text-accent-foreground h-9 rounded-md px-3 border-[hsl(var(--source-node))] text-foregr…>…</button>[22m
    [2m  - attempting click action[22m
    [2m    - waiting for element to be visible, enabled and stable[22m
    [2m    - element is not stable[22m
    [2m  - retrying click action[22m
    [2m    - waiting for element to be visible, enabled and stable[22m
    [2m    - element is not enabled[22m
    [2m  - retrying click action[22m
    [2m    - waiting 20ms[22m
    [2m    2 × waiting for element to be visible, enabled and stable[22m
    [2m      - element is not enabled[22m
    [2m    - retrying click action[22m
    [2m      - waiting 100ms[22m
    [2m    2 × waiting for element to be visible, enabled and stable[22m
    [2m      - element is not enabled[22m
    [2m    - retrying click action[22m
    [2m      - waiting 500ms[22m
    [2m      - waiting for element to be visible, enabled and stable[22m
    [2m      - element is not enabled[22m
    [2m    - retrying click action[22m
    [2m      - waiting 500ms[22m
    [2m      - waiting for element to be visible, enabled and stable[22m
    [2m      - element is not enabled[22m
    [2m    - retrying click action[22m
    [2m      - waiting 500ms[22m
    [2m      - waiting for element to be visible, enabled and stable[22m
    [2m      - element is not enabled[22m
    [2m    - retrying click action[22m
    [2m      - waiting 500ms[22m
    [2m      - waiting for element to be visible, enabled and stable[22m
    [2m      - element is not enabled[22m
    [2m    - retrying click action[22m
    [2m      - waiting 500ms[22m
    [2m      - waiting for element to be visible, enabled and stable[22m
    [2m      - element is not enabled[22m
    [2m    - retrying click action[22m
    [2m      - waiting 500ms[22m
    [2m      - waiting for element to be visible, enabled and stable[22m
    [2m      - element is not enabled[22m
    [2m    - retrying click action[22m
    [2m      - waiting 500ms[22m
    [2m    - element was detached from the DOM, retrying[22m
    [2m      - locator resolved to <button disabled data-testid="source-node-button" class="inline-flex items-center justify-center gap-2 whitespace-nowrap text-sm font-medium ring-offset-background focus-visible:outline-none focus-visible:ring-2 focus-visible:ring-ring focus-visible:ring-offset-2 disabled:pointer-events-none disabled:bg-secondary disabled:text-muted-foreground [&_svg]:pointer-events-none [&_svg]:size-4 [&_svg]:shrink-0 border hover:text-accent-foreground h-9 rounded-md px-3 border-[hsl(var(--source-node))] text-foregr…>…</button>[22m
    [2m    - attempting click action[22m
    [2m      - waiting for element to be visible, enabled and stable[22m
    [2m      - element is not enabled[22m
    [2m    - retrying click action[22m
    [2m      - waiting for element to be visible, enabled and stable[22m
    [2m      - element is not enabled[22m
    [2m    - retrying click action[22m
    [2m      - waiting 20ms[22m
    [2m      - waiting for element to be visible, enabled and stable[22m
    [2m      - element is not enabled[22m
    [2m    - retrying click action[22m
    [2m      - waiting 100ms[22m
    [2m      - waiting for element to be visible, enabled and stable[22m
    [2m      - element is not enabled[22m
    [2m    - retrying click action[22m
    [2m      - waiting 100ms[22m
    [2m      - waiting for element to be visible, enabled and stable[22m
    [2m      - element is not enabled[22m
    [2m    - retrying click action[22m
    [2m      - waiting 500ms[22m
    [2m      - waiting for element to be visible, enabled and stable[22m
    [2m      - element is not enabled[22m
    [2m    - retrying click action[22m
    [2m      - waiting 500ms[22m
    [2m      - waiting for element to be visible, enabled and stable[22m
    [2m      - element is not enabled[22m
    [2m    - retrying click action[22m
    [2m      - waiting 500ms[22m
    [2m      - waiting for element to be visible, enabled and stable[22m
    [2m      - element is not enabled[22m
    [2m    - retrying click action[22m
    [2m      - waiting 500ms[22m
    [2m    21 × waiting for element to be visible, enabled and stable[22m
    [2m       - element is not enabled[22m
    [2m     - retrying click action[22m
    [2m       - waiting 500ms[22m
    [2m  - element was detached from the DOM, retrying[22m
    [2m    - locator resolved to <button disabled data-testid="source-node-button" class="inline-flex items-center justify-center gap-2 whitespace-nowrap text-sm font-medium ring-offset-background focus-visible:outline-none focus-visible:ring-2 focus-visible:ring-ring focus-visible:ring-offset-2 disabled:pointer-events-none disabled:bg-secondary disabled:text-muted-foreground [&_svg]:pointer-events-none [&_svg]:size-4 [&_svg]:shrink-0 border hover:text-accent-foreground h-9 rounded-md px-3 border-[hsl(var(--source-node))] text-foregr…>…</button>[22m
    [2m  - attempting click action[22m
    [2m    2 × waiting for element to be visible, enabled and stable[22m
    [2m      - element is not enabled[22m
    [2m    - retrying click action[22m
    [2m    - waiting 20ms[22m
    [2m    2 × waiting for element to be visible, enabled and stable[22m
    [2m      - element is not enabled[22m
    [2m    - retrying click action[22m
    [2m      - waiting 100ms[22m
    [2m    161 × waiting for element to be visible, enabled and stable[22m
    [2m        - element is not enabled[22m
    [2m      - retrying click action[22m
    [2m        - waiting 500ms[22m


       at helpers.ts:78

      76 |
      77 | export async function createSourceNode(page: Page, name: string, value: number = 0): Promise<void> {
    > 78 |   await page.click('[data-testid="source-node-button"]');
         |              ^
      79 |
      80 |   await expect(page.locator('[data-testid="source-node-name-input"]')).toBeVisible();
      81 |   await page.fill('[data-testid="source-node-name-input"]', name);
        at createSourceNode (/Users/rudolfchrispens/Documents/GIT/TaxLawEvaluator/tests/helpers.ts:78:14)
        at /Users/rudolfchrispens/Documents/GIT/TaxLawEvaluator/tests/graph-persistence-comprehensive.spec.ts:66:11

    Error Context: test-results/graph-persistence-comprehe-6aec4-ario-preserves-custom-nodes-chromium/error-context.md


[1A[2K[39/73] [chromium] › tests/performance.spec.ts:55:3 › Performance & Large Graphs › node operations remain responsive with many nodes
[1A[2K  12) [chromium] › tests/node-connections.spec.ts:48:3 › Node Connections › multiple input ports appear for multiple variables in formula 

    [31mTest timeout of 120000ms exceeded.[39m

    Error: page.click: Test timeout of 120000ms exceeded.
    Call log:
    [2m  - waiting for locator('[data-testid="tax-rule-button"]')[22m
    [2m    - locator resolved to <button disabled data-testid="tax-rule-button" class="inline-flex items-center justify-center gap-2 whitespace-nowrap text-sm font-medium ring-offset-background focus-visible:outline-none focus-visible:ring-2 focus-visible:ring-ring focus-visible:ring-offset-2 disabled:pointer-events-none disabled:bg-secondary disabled:text-muted-foreground [&_svg]:pointer-events-none [&_svg]:size-4 [&_svg]:shrink-0 border hover:text-accent-foreground h-9 rounded-md px-3 border-[hsl(var(--logic-node))] text-foreground…>…</button>[22m
    [2m  - attempting click action[22m
    [2m    2 × waiting for element to be visible, enabled and stable[22m
    [2m      - element is not enabled[22m
    [2m    - retrying click action[22m
    [2m    - waiting 20ms[22m
    [2m    2 × waiting for element to be visible, enabled and stable[22m
    [2m      - element is not enabled[22m
    [2m    - retrying click action[22m
    [2m      - waiting 100ms[22m
    [2m    7 × waiting for element to be visible, enabled and stable[22m
    [2m      - element is not enabled[22m
    [2m    - retrying click action[22m
    [2m      - waiting 500ms[22m
    [2m  - element was detached from the DOM, retrying[22m
    [2m    - waiting for" http://localhost:5173/" navigation to finish...[22m
    [2m    - navigated to "http://localhost:5173/"[22m
    [2m    - locator resolved to <button disabled data-testid="tax-rule-button" class="inline-flex items-center justify-center gap-2 whitespace-nowrap text-sm font-medium ring-offset-background focus-visible:outline-none focus-visible:ring-2 focus-visible:ring-ring focus-visible:ring-offset-2 disabled:pointer-events-none disabled:bg-secondary disabled:text-muted-foreground [&_svg]:pointer-events-none [&_svg]:size-4 [&_svg]:shrink-0 border hover:text-accent-foreground h-9 rounded-md px-3 border-[hsl(var(--logic-node))] text-foreground…>…</button>[22m
    [2m  - attempting click action[22m
    [2m    2 × waiting for element to be visible, enabled and stable[22m
    [2m      - element is not enabled[22m
    [2m    - retrying click action[22m
    [2m    - waiting 20ms[22m
    [2m    2 × waiting for element to be visible, enabled and stable[22m
    [2m      - element is not enabled[22m
    [2m    - retrying click action[22m
    [2m      - waiting 100ms[22m
    [2m    11 × waiting for element to be visible, enabled and stable[22m
    [2m       - element is not enabled[22m
    [2m     - retrying click action[22m
    [2m       - waiting 500ms[22m
    [2m  - element was detached from the DOM, retrying[22m
    [2m    - locator resolved to <button disabled data-testid="tax-rule-button" class="inline-flex items-center justify-center gap-2 whitespace-nowrap text-sm font-medium ring-offset-background focus-visible:outline-none focus-visible:ring-2 focus-visible:ring-ring focus-visible:ring-offset-2 disabled:pointer-events-none disabled:bg-secondary disabled:text-muted-foreground [&_svg]:pointer-events-none [&_svg]:size-4 [&_svg]:shrink-0 border hover:text-accent-foreground h-9 rounded-md px-3 border-[hsl(var(--logic-node))] text-foreground…>…</button>[22m
    [2m  - attempting click action[22m
    [2m    - waiting for element to be visible, enabled and stable[22m
    [2m    - element is not enabled[22m
    [2m  - retrying click action[22m
    [2m    - waiting for element to be visible, enabled and stable[22m
    [2m    - element is not stable[22m
    [2m  - retrying click action[22m
    [2m    - waiting 20ms[22m
    [2m    2 × waiting for element to be visible, enabled and stable[22m
    [2m      - element is not enabled[22m
    [2m    - retrying click action[22m
    [2m      - waiting 100ms[22m
    [2m    26 × waiting for element to be visible, enabled and stable[22m
    [2m       - element is not enabled[22m
    [2m     - retrying click action[22m
    [2m       - waiting 500ms[22m
    [2m  - element was detached from the DOM, retrying[22m
    [2m    - locator resolved to <button disabled data-testid="tax-rule-button" class="inline-flex items-center justify-center gap-2 whitespace-nowrap text-sm font-medium ring-offset-background focus-visible:outline-none focus-visible:ring-2 focus-visible:ring-ring focus-visible:ring-offset-2 disabled:pointer-events-none disabled:bg-secondary disabled:text-muted-foreground [&_svg]:pointer-events-none [&_svg]:size-4 [&_svg]:shrink-0 border hover:text-accent-foreground h-9 rounded-md px-3 border-[hsl(var(--logic-node))] text-foreground…>…</button>[22m
    [2m  - attempting click action[22m
    [2m    2 × waiting for element to be visible, enabled and stable[22m
    [2m      - element is not enabled[22m
    [2m    - retrying click action[22m
    [2m    - waiting 20ms[22m
    [2m    2 × waiting for element to be visible, enabled and stable[22m
    [2m      - element is not enabled[22m
    [2m    - retrying click action[22m
    [2m      - waiting 100ms[22m
    [2m    169 × waiting for element to be visible, enabled and stable[22m
    [2m        - element is not enabled[22m
    [2m      - retrying click action[22m
    [2m        - waiting 500ms[22m
    [2m  - element was detached from the DOM, retrying[22m
    [2m    - locator resolved to <button disabled data-testid="tax-rule-button" class="inline-flex items-center justify-center gap-2 whitespace-nowrap text-sm font-medium ring-offset-background focus-visible:outline-none focus-visible:ring-2 focus-visible:ring-ring focus-visible:ring-offset-2 disabled:pointer-events-none disabled:bg-secondary disabled:text-muted-foreground [&_svg]:pointer-events-none [&_svg]:size-4 [&_svg]:shrink-0 border hover:text-accent-foreground h-9 rounded-md px-3 border-[hsl(var(--logic-node))] text-foreground…>…</button>[22m
    [2m  - attempting click action[22m
    [2m    2 × waiting for element to be visible, enabled and stable[22m
    [2m      - element is not enabled[22m
    [2m    - retrying click action[22m
    [2m    - waiting 20ms[22m
    [2m    2 × waiting for element to be visible, enabled and stable[22m
    [2m      - element is not enabled[22m
    [2m    - retrying click action[22m
    [2m      - waiting 100ms[22m
    [2m    10 × waiting for element to be visible, enabled and stable[22m
    [2m       - element is not enabled[22m
    [2m     - retrying click action[22m
    [2m       - waiting 500ms[22m


      61 |
      62 |     // Create a rule using both variables
    > 63 |     await page.click('[data-testid="tax-rule-button"]');
         |                ^
      64 |
      65 |     const createNewTab = page.locator('[data-testid="create-new-rule-tab"]');
      66 |     if (await createNewTab.isVisible()) {
        at /Users/rudolfchrispens/Documents/GIT/TaxLawEvaluator/tests/node-connections.spec.ts:63:16

    Error Context: test-results/node-connections-Node-Conn-c361c-ltiple-variables-in-formula-chromium/error-context.md


[1A[2K[40/73] [chromium] › tests/performance.spec.ts:106:3 › Performance & Large Graphs › graph with 30+ nodes loads and renders
[1A[2K  13) [chromium] › tests/node-manipulation.spec.ts:27:3 › Node Manipulation › user can delete a tax rule node 

    [31mTest timeout of 120000ms exceeded.[39m

    Error: locator.hover: Test timeout of 120000ms exceeded.
    Call log:
    [2m  - waiting for locator('.node-widget:has([data-testid="node-title"]:text("Temp Rule - 1774800831303"))')[22m
    [2m    - locator resolved to <div class="group node-widget relative flex items-stretch min-w-[280px] bg-card border border-[hsl(var(--logic-node))] rounded-xl shadow-sm hover:shadow-lg">…</div>[22m
    [2m  - attempting hover action[22m
    [2m    - waiting for element to be visible and stable[22m
    [2m    - element is not stable[22m
    [2m  - retrying hover action[22m
    [2m    - waiting for element to be visible and stable[22m
    [2m  - element was detached from the DOM, retrying[22m
    [2m    - waiting for" http://localhost:5173/" navigation to finish...[22m
    [2m    - navigated to "http://localhost:5173/"[22m


       at helpers.ts:124

      122 |
      123 |   // Hover over the node to show the delete button (it appears on group-hover)
    > 124 |   await node.hover();
          |              ^
      125 |
      126 |   // Click the delete button within the node
      127 |   const deleteBtn = node.locator('[data-testid="delete-node-button"]');
        at deleteNode (/Users/rudolfchrispens/Documents/GIT/TaxLawEvaluator/tests/helpers.ts:124:14)
        at /Users/rudolfchrispens/Documents/GIT/TaxLawEvaluator/tests/node-manipulation.spec.ts:50:5

    Error Context: test-results/node-manipulation-Node-Man-4764f--can-delete-a-tax-rule-node-chromium/error-context.md


[1A[2K[41/73] [chromium] › tests/result-node-features.spec.ts:7:3 › Result Node Features › user can create Result node
[1A[2K[42/73] [chromium] › tests/result-node-features.spec.ts:19:3 › Result Node Features › Result node can aggregate multiple inputs
[1A[2K  14) [chromium] › tests/result-node-features.spec.ts:19:3 › Result Node Features › Result node can aggregate multiple inputs 

    Error: [2mexpect([22m[31mlocator[39m[2m).[22mtoBeVisible[2m([22m[2m)[22m failed

    Locator: getByRole('button', { name: 'Logout' })
    Expected: visible
    Timeout: 10000ms
    Error: element(s) not found

    Call log:
    [2m  - Expect "toBeVisible" with timeout 10000ms[22m
    [2m  - waiting for getByRole('button', { name: 'Logout' })[22m


       at helpers.ts:21

      19 |   await expect(page.getByRole('button', { name: 'Login' })).toBeEnabled({ timeout: 10000 });
      20 |   await page.click('[data-testid="login-button"]');
    > 21 |   await expect(page.getByRole('button', { name: 'Logout' })).toBeVisible();
         |                                                              ^
      22 | }
      23 |
      24 | export async function logout(page: Page): Promise<void> {
        at login (/Users/rudolfchrispens/Documents/GIT/TaxLawEvaluator/tests/helpers.ts:21:62)
        at /Users/rudolfchrispens/Documents/GIT/TaxLawEvaluator/tests/result-node-features.spec.ts:20:5

    Error Context: test-results/result-node-features-Resul-c7fc6-n-aggregate-multiple-inputs-chromium/error-context.md


[1A[2K[43/73] [chromium] › tests/result-node-features.spec.ts:41:3 › Result Node Features › Result node shows sum value when connected
[1A[2K[44/73] [chromium] › tests/score-calculation.spec.ts:7:3 › Score Calculation › score updates when nodes are added
[1A[2K  15) [chromium] › tests/score-calculation.spec.ts:7:3 › Score Calculation › score updates when nodes are added 

    Error: [2mexpect([22m[31mlocator[39m[2m).[22mtoBeVisible[2m([22m[2m)[22m failed

    Locator: locator('[data-testid="score-badge"]')
    Expected: visible
    Timeout: 5000ms
    Error: element(s) not found

    Call log:
    [2m  - Expect "toBeVisible" with timeout 5000ms[22m
    [2m  - waiting for locator('[data-testid="score-badge"]')[22m


      14 |     await page.waitForTimeout(200);
      15 |     const scoreBadge = page.locator('[data-testid="score-badge"]');
    > 16 |     await expect(scoreBadge).toBeVisible();
         |                              ^
      17 |     const initialScoreText = await scoreBadge.textContent();
      18 |     const initialScore = initialScoreText ? parseInt(initialScoreText.replace('Score: ', ''), 10) : 0;
      19 |
        at /Users/rudolfchrispens/Documents/GIT/TaxLawEvaluator/tests/score-calculation.spec.ts:16:30

    Error Context: test-results/score-calculation-Score-Ca-b9e12-pdates-when-nodes-are-added-chromium/error-context.md


[1A[2K[45/73] [chromium] › tests/score-calculation.spec.ts:37:3 › Score Calculation › score updates when nodes are removed
[1A[2K  16) [chromium] › tests/score-calculation.spec.ts:37:3 › Score Calculation › score updates when nodes are removed 

    Error: [2mexpect([22m[31mlocator[39m[2m).[22mtoBeVisible[2m([22m[2m)[22m failed

    Locator: locator('.node-widget:has([data-testid="node-title"]:text("Temp Rule for Deletion"))')
    Expected: visible
    Error: strict mode violation: locator('.node-widget:has([data-testid="node-title"]:text("Temp Rule for Deletion"))') resolved to 4 elements:
        1) <div class="group node-widget relative flex items-stretch min-w-[280px] bg-card border border-[hsl(var(--logic-node))] rounded-xl shadow-sm hover:shadow-lg">…</div> aka getByText('a(38.400)+−Temp Rule for').first()
        2) <div class="group node-widget relative flex items-stretch min-w-[280px] bg-card border border-[hsl(var(--logic-node))] rounded-xl shadow-sm hover:shadow-lg">…</div> aka getByText('a(38.400)+−Temp Rule for').nth(1)
        3) <div class="group node-widget relative flex items-stretch min-w-[280px] bg-card border border-[hsl(var(--logic-node))] rounded-xl shadow-sm hover:shadow-lg">…</div> aka getByText('a(38.400)+−Temp Rule for').nth(2)
        4) <div class="group node-widget relative flex items-stretch min-w-[280px] bg-card border border-[hsl(var(--logic-node))] rounded-xl shadow-sm hover:shadow-lg">…</div> aka getByText('a(38.400)+−Temp Rule for').nth(3)

    Call log:
    [2m  - Expect "toBeVisible" with timeout 15000ms[22m
    [2m  - waiting for locator('.node-widget:has([data-testid="node-title"]:text("Temp Rule for Deletion"))')[22m


       at helpers.ts:108

      106 |   // Find node widget that contains a node-title with the given name
      107 |   const node = page.locator(`.node-widget:has([data-testid="node-title"]:text("${name}"))`);
    > 108 |   await expect(node).toBeVisible();
          |                      ^
      109 | }
      110 |
      111 | export async function createResultNode(page: Page): Promise<void> {
        at createTaxRule (/Users/rudolfchrispens/Documents/GIT/TaxLawEvaluator/tests/helpers.ts:108:22)
        at /Users/rudolfchrispens/Documents/GIT/TaxLawEvaluator/tests/score-calculation.spec.ts:45:5

    Error Context: test-results/score-calculation-Score-Ca-ba771-ates-when-nodes-are-removed-chromium/error-context.md


[1A[2K[46/73] [chromium] › tests/score-calculation.spec.ts:68:3 › Score Calculation › score value is within expected range (0-1000)
[1A[2K  17) [chromium] › tests/performance.spec.ts:7:3 › Performance & Large Graphs › graph handles 20+ nodes without lag 

    [31mTest timeout of 180000ms exceeded.[39m

    Error: page.click: Test timeout of 180000ms exceeded.
    Call log:
    [2m  - waiting for locator('[data-testid="tax-rule-button"]')[22m
    [2m    - locator resolved to <button disabled data-testid="tax-rule-button" class="inline-flex items-center justify-center gap-2 whitespace-nowrap text-sm font-medium ring-offset-background focus-visible:outline-none focus-visible:ring-2 focus-visible:ring-ring focus-visible:ring-offset-2 disabled:pointer-events-none disabled:bg-secondary disabled:text-muted-foreground [&_svg]:pointer-events-none [&_svg]:size-4 [&_svg]:shrink-0 border hover:text-accent-foreground h-9 rounded-md px-3 border-[hsl(var(--logic-node))] text-foreground…>…</button>[22m
    [2m  - attempting click action[22m
    [2m    - waiting for element to be visible, enabled and stable[22m
    [2m    - element is not stable[22m
    [2m  - retrying click action[22m
    [2m    - waiting for element to be visible, enabled and stable[22m
    [2m    - element is not enabled[22m
    [2m  - retrying click action[22m
    [2m    - waiting 20ms[22m
    [2m    2 × waiting for element to be visible, enabled and stable[22m
    [2m      - element is not enabled[22m
    [2m    - retrying click action[22m
    [2m      - waiting 100ms[22m
    [2m    170 × waiting for element to be visible, enabled and stable[22m
    [2m        - element is not enabled[22m
    [2m      - retrying click action[22m
    [2m        - waiting 500ms[22m
    [2m  - element was detached from the DOM, retrying[22m
    [2m    - waiting for" http://localhost:5173/" navigation to finish...[22m
    [2m    - navigated to "http://localhost:5173/"[22m
    [2m    - locator resolved to <button disabled data-testid="tax-rule-button" class="inline-flex items-center justify-center gap-2 whitespace-nowrap text-sm font-medium ring-offset-background focus-visible:outline-none focus-visible:ring-2 focus-visible:ring-ring focus-visible:ring-offset-2 disabled:pointer-events-none disabled:bg-secondary disabled:text-muted-foreground [&_svg]:pointer-events-none [&_svg]:size-4 [&_svg]:shrink-0 border hover:text-accent-foreground h-9 rounded-md px-3 border-[hsl(var(--logic-node))] text-foreground…>…</button>[22m
    [2m  - attempting click action[22m
    [2m    2 × waiting for element to be visible, enabled and stable[22m
    [2m      - element is not enabled[22m
    [2m    - retrying click action[22m
    [2m    - waiting 20ms[22m
    [2m    2 × waiting for element to be visible, enabled and stable[22m
    [2m      - element is not enabled[22m
    [2m    - retrying click action[22m
    [2m      - waiting 100ms[22m
    [2m    2 × waiting for element to be visible, enabled and stable[22m
    [2m      - element is not enabled[22m
    [2m    - retrying click action[22m
    [2m      - waiting 500ms[22m
    [2m      - waiting for element to be visible, enabled and stable[22m
    [2m      - element is not enabled[22m
    [2m    - retrying click action[22m
    [2m      - waiting 500ms[22m
    [2m      - waiting for element to be visible, enabled and stable[22m
    [2m      - element is not enabled[22m
    [2m    - retrying click action[22m
    [2m      - waiting 500ms[22m
    [2m      - waiting for element to be visible, enabled and stable[22m
    [2m      - element is not enabled[22m
    [2m    - retrying click action[22m
    [2m      - waiting 500ms[22m
    [2m      - waiting for element to be visible, enabled and stable[22m
    [2m      - element is not enabled[22m
    [2m    - retrying click action[22m
    [2m      - waiting 500ms[22m
    [2m      - waiting for element to be visible, enabled and stable[22m
    [2m      - element is not enabled[22m
    [2m    - retrying click action[22m
    [2m      - waiting 500ms[22m
    [2m      - waiting for element to be visible, enabled and stable[22m
    [2m      - element is not enabled[22m
    [2m    - retrying click action[22m
    [2m      - waiting 500ms[22m
    [2m      - waiting for element to be visible, enabled and stable[22m
    [2m      - element is not enabled[22m
    [2m    - retrying click action[22m
    [2m      - waiting 500ms[22m
    [2m      - waiting for element to be visible, enabled and stable[22m
    [2m      - element is not enabled[22m
    [2m    - retrying click action[22m
    [2m      - waiting 500ms[22m
    [2m      - waiting for element to be visible, enabled and stable[22m
    [2m      - element is not enabled[22m
    [2m    - retrying click action[22m
    [2m      - waiting 500ms[22m
    [2m      - waiting for element to be visible, enabled and stable[22m
    [2m      - element is not enabled[22m
    [2m    - retrying click action[22m
    [2m      - waiting 500ms[22m
    [2m      - waiting for element to be visible, enabled and stable[22m
    [2m      - element is not enabled[22m
    [2m    - retrying click action[22m
    [2m      - waiting 500ms[22m
    [2m      - waiting for element to be visible, enabled and stable[22m
    [2m      - element is not enabled[22m
    [2m    - retrying click action[22m
    [2m      - waiting 500ms[22m
    [2m      - waiting for element to be visible, enabled and stable[22m
    [2m      - element is not enabled[22m
    [2m    - retrying click action[22m
    [2m      - waiting 500ms[22m
    [2m      - waiting for element to be visible, enabled and stable[22m
    [2m      - element is not enabled[22m
    [2m    - retrying click action[22m
    [2m      - waiting 500ms[22m
    [2m      - waiting for element to be visible, enabled and stable[22m
    [2m      - element is not enabled[22m
    [2m    - retrying click action[22m
    [2m      - waiting 500ms[22m
    [2m      - waiting for element to be visible, enabled and stable[22m
    [2m      - element is not enabled[22m
    [2m    - retrying click action[22m
    [2m      - waiting 500ms[22m
    [2m      - waiting for element to be visible, enabled and stable[22m
    [2m      - element is not enabled[22m
    [2m    - retrying click action[22m
    [2m      - waiting 500ms[22m
    [2m      - waiting for element to be visible, enabled and stable[22m
    [2m      - element is not enabled[22m
    [2m    - retrying click action[22m
    [2m      - waiting 500ms[22m
    [2m      - waiting for element to be visible, enabled and stable[22m
    [2m      - element is not enabled[22m
    [2m    - retrying click action[22m
    [2m      - waiting 500ms[22m
    [2m      - waiting for element to be visible, enabled and stable[22m
    [2m      - element is not enabled[22m
    [2m    - retrying click action[22m
    [2m      - waiting 500ms[22m
    [2m      - waiting for element to be visible, enabled and stable[22m
    [2m      - element is not enabled[22m
    [2m    - retrying click action[22m
    [2m      - waiting 500ms[22m
    [2m      - waiting for element to be visible, enabled and stable[22m
    [2m      - element is not enabled[22m
    [2m    - retrying click action[22m
    [2m      - waiting 500ms[22m
    [2m      - waiting for element to be visible, enabled and stable[22m
    [2m      - element is not enabled[22m
    [2m    - retrying click action[22m
    [2m      - waiting 500ms[22m
    [2m      - waiting for element to be visible, enabled and stable[22m
    [2m      - element is not enabled[22m
    [2m    - retrying click action[22m
    [2m      - waiting 500ms[22m
    [2m    - element was detached from the DOM, retrying[22m
    [2m      - locator resolved to <button disabled data-testid="tax-rule-button" class="inline-flex items-center justify-center gap-2 whitespace-nowrap text-sm font-medium ring-offset-background focus-visible:outline-none focus-visible:ring-2 focus-visible:ring-ring focus-visible:ring-offset-2 disabled:pointer-events-none disabled:bg-secondary disabled:text-muted-foreground [&_svg]:pointer-events-none [&_svg]:size-4 [&_svg]:shrink-0 border hover:text-accent-foreground h-9 rounded-md px-3 border-[hsl(var(--logic-node))] text-foreground…>…</button>[22m
    [2m    - attempting click action[22m
    [2m      - waiting for element to be visible, enabled and stable[22m
    [2m      - element is not enabled[22m
    [2m    - retrying click action[22m
    [2m      - waiting for element to be visible, enabled and stable[22m
    [2m      - element is not enabled[22m
    [2m    - retrying click action[22m
    [2m      - waiting 20ms[22m
    [2m      - waiting for element to be visible, enabled and stable[22m
    [2m      - element is not enabled[22m
    [2m    - retrying click action[22m
    [2m      - waiting 100ms[22m
    [2m      - waiting for element to be visible, enabled and stable[22m
    [2m      - element is not enabled[22m
    [2m    - retrying click action[22m
    [2m      - waiting 100ms[22m
    [2m      - waiting for element to be visible, enabled and stable[22m
    [2m      - element is not enabled[22m
    [2m    - retrying click action[22m
    [2m      - waiting 500ms[22m
    [2m      - waiting for element to be visible, enabled and stable[22m
    [2m      - element is not enabled[22m
    [2m    - retrying click action[22m
    [2m      - waiting 500ms[22m
    [2m      - waiting for element to be visible, enabled and stable[22m
    [2m      - element is not enabled[22m
    [2m    - retrying click action[22m
    [2m      - waiting 500ms[22m
    [2m      - waiting for element to be visible, enabled and stable[22m
    [2m      - element is not enabled[22m
    [2m    - retrying click action[22m
    [2m      - waiting 500ms[22m
    [2m      - waiting for element to be visible, enabled and stable[22m
    [2m      - element is not enabled[22m
    [2m    - retrying click action[22m
    [2m      - waiting 500ms[22m
    [2m      - waiting for element to be visible, enabled and stable[22m
    [2m      - element is not enabled[22m
    [2m    - retrying click action[22m
    [2m      - waiting 500ms[22m
    [2m      - waiting for element to be visible, enabled and stable[22m
    [2m      - element is not enabled[22m
    [2m    - retrying click action[22m
    [2m      - waiting 500ms[22m
    [2m      - waiting for element to be visible, enabled and stable[22m
    [2m      - element is not enabled[22m
    [2m    - retrying click action[22m
    [2m      - waiting 500ms[22m
    [2m      - waiting for element to be visible, enabled and stable[22m
    [2m      - element is not enabled[22m
    [2m    - retrying click action[22m
    [2m      - waiting 500ms[22m
    [2m      - waiting for element to be visible, enabled and stable[22m
    [2m      - element is not enabled[22m
    [2m    - retrying click action[22m
    [2m      - waiting 500ms[22m
    [2m      - waiting for element to be visible, enabled and stable[22m
    [2m      - element is not enabled[22m
    [2m    - retrying click action[22m
    [2m      - waiting 500ms[22m
    [2m      - waiting for element to be visible, enabled and stable[22m
    [2m      - element is not enabled[22m
    [2m    - retrying click action[22m
    [2m      - waiting 500ms[22m
    [2m      - waiting for element to be visible, enabled and stable[22m
    [2m      - element is not enabled[22m
    [2m    - retrying click action[22m
    [2m      - waiting 500ms[22m
    [2m      - waiting for element to be visible, enabled and stable[22m
    [2m      - element is not enabled[22m
    [2m    - retrying click action[22m
    [2m      - waiting 500ms[22m
    [2m      - waiting for element to be visible, enabled and stable[22m
    [2m      - element is not enabled[22m
    [2m    - retrying click action[22m
    [2m      - waiting 500ms[22m
    [2m      - waiting for element to be visible, enabled and stable[22m
    [2m      - element is not enabled[22m
    [2m    - retrying click action[22m
    [2m      - waiting 500ms[22m
    [2m    85 × waiting for element to be visible, enabled and stable[22m
    [2m       - element is not enabled[22m
    [2m     - retrying click action[22m
    [2m       - waiting 500ms[22m


      20 |     // Create multiple tax rules
      21 |     for (let i = 1; i <= 10; i++) {
    > 22 |       await page.click('[data-testid="tax-rule-button"]');
         |                  ^
      23 |       await page.waitForTimeout(200);
      24 |
      25 |       const createNewTab = page.locator('[data-testid="create-new-rule-tab"]');
        at /Users/rudolfchrispens/Documents/GIT/TaxLawEvaluator/tests/performance.spec.ts:22:18

    Error Context: test-results/performance-Performance-La-2988b-andles-20-nodes-without-lag-chromium/error-context.md


[1A[2K[47/73] [chromium] › tests/score-calculation.spec.ts:85:3 › Score Calculation › score badge displays correctly with different states
[1A[2K  18) [chromium] › tests/score-calculation.spec.ts:85:3 › Score Calculation › score badge displays correctly with different states 

    Error: [2mexpect([22m[31mlocator[39m[2m).[22mtoBeVisible[2m([22m[2m)[22m failed

    Locator: locator('[data-testid="score-badge"]')
    Expected: visible
    Timeout: 5000ms
    Error: element(s) not found

    Call log:
    [2m  - Expect "toBeVisible" with timeout 5000ms[22m
    [2m  - waiting for locator('[data-testid="score-badge"]')[22m


      94 |
      95 |     // Badge should be visible
    > 96 |     await expect(scoreBadge).toBeVisible();
         |                              ^
      97 |
      98 |     // Should contain "Score:" text
      99 |     const text = await scoreBadge.textContent();
        at /Users/rudolfchrispens/Documents/GIT/TaxLawEvaluator/tests/score-calculation.spec.ts:96:30

    Error Context: test-results/score-calculation-Score-Ca-f0dee-ectly-with-different-states-chromium/error-context.md


[1A[2K[48/73] [chromium] › tests/score-calculation.spec.ts:107:3 › Score Calculation › complex tax graphs produce meaningful scores
[1A[2K  19) [chromium] › tests/score-calculation.spec.ts:107:3 › Score Calculation › complex tax graphs produce meaningful scores 

    Error: [2mexpect([22m[31mlocator[39m[2m).[22mtoBeVisible[2m([22m[2m)[22m failed

    Locator: locator('.node-widget:has([data-testid="node-title"]:text("Taxable Income"))')
    Expected: visible
    Error: strict mode violation: locator('.node-widget:has([data-testid="node-title"]:text("Taxable Income"))') resolved to 14 elements:
        1) <div class="group node-widget relative flex items-stretch min-w-[280px] bg-card border border-[hsl(var(--logic-node))] rounded-xl shadow-sm hover:shadow-lg">…</div> aka getByText('a(38.400)b(28.800)c(11.604)+−Taxable Income($a + $b) - $c=').first()
        2) <div class="group node-widget relative flex items-stretch min-w-[280px] bg-card border border-[hsl(var(--logic-node))] rounded-xl shadow-sm hover:shadow-lg">…</div> aka getByText('a(38.400)b(28.800)c(11.604)+−Taxable Income($a + $b) - $c=').nth(1)
        3) <div class="group node-widget relative flex items-stretch min-w-[280px] bg-card border border-[hsl(var(--logic-node))] rounded-xl shadow-sm hover:shadow-lg">…</div> aka getByText('a(38.400)b(28.800)c(11.604)+−Taxable Income($a + $b) - $c=').nth(2)
        4) <div class="group node-widget relative flex items-stretch min-w-[280px] bg-card border border-[hsl(var(--logic-node))] rounded-xl shadow-sm hover:shadow-lg">…</div> aka getByText('a(38.400)b(28.800)c(11.604)+−Taxable Income($a + $b) - $c=').nth(3)
        5) <div class="group node-widget relative flex items-stretch min-w-[280px] bg-card border border-[hsl(var(--logic-node))] rounded-xl shadow-sm hover:shadow-lg">…</div> aka getByText('a(38.400)b(28.800)c(11.604)+−Taxable Income($a + $b) - $c=').nth(4)
        6) <div class="group node-widget relative flex items-stretch min-w-[280px] bg-card border border-[hsl(var(--logic-node))] rounded-xl shadow-sm hover:shadow-lg">…</div> aka getByText('a(38.400)b(28.800)c(11.604)+−Taxable Income($a + $b) - $c=').nth(5)
        7) <div class="group node-widget relative flex items-stretch min-w-[280px] bg-card border border-[hsl(var(--logic-node))] rounded-xl shadow-sm hover:shadow-lg">…</div> aka locator('div:nth-child(28) > .group')
        8) <div class="group node-widget relative flex items-stretch min-w-[280px] bg-card border border-[hsl(var(--logic-node))] rounded-xl shadow-sm hover:shadow-lg">…</div> aka locator('div:nth-child(31) > .group')
        9) <div class="group node-widget relative flex items-stretch min-w-[280px] bg-card border border-[hsl(var(--logic-node))] rounded-xl shadow-sm hover:shadow-lg">…</div> aka locator('div:nth-child(58) > .group')
        10) <div class="group node-widget relative flex items-stretch min-w-[280px] bg-card border border-[hsl(var(--logic-node))] rounded-xl shadow-sm hover:shadow-lg">…</div> aka locator('div:nth-child(60) > .group')
        ...

    Call log:
    [2m  - Expect "toBeVisible" with timeout 15000ms[22m
    [2m  - waiting for locator('.node-widget:has([data-testid="node-title"]:text("Taxable Income"))')[22m


       at helpers.ts:108

      106 |   // Find node widget that contains a node-title with the given name
      107 |   const node = page.locator(`.node-widget:has([data-testid="node-title"]:text("${name}"))`);
    > 108 |   await expect(node).toBeVisible();
          |                      ^
      109 | }
      110 |
      111 | export async function createResultNode(page: Page): Promise<void> {
        at createTaxRule (/Users/rudolfchrispens/Documents/GIT/TaxLawEvaluator/tests/helpers.ts:108:22)
        at /Users/rudolfchrispens/Documents/GIT/TaxLawEvaluator/tests/score-calculation.spec.ts:114:5

    Error Context: test-results/score-calculation-Score-Ca-bcf8e-s-produce-meaningful-scores-chromium/error-context.md


[1A[2K[49/73] [chromium] › tests/score-calculation.spec.ts:141:3 › Score Calculation › score reflects changes in variable overrides
[1A[2K  20) [chromium] › tests/score-calculation.spec.ts:68:3 › Score Calculation › score value is within expected range (0-1000) 

    [31mTest timeout of 120000ms exceeded.[39m

    Error: locator.textContent: Test timeout of 120000ms exceeded.
    Call log:
    [2m  - waiting for locator('[data-testid="score-badge"]')[22m


      75 |
      76 |     const scoreBadge = page.locator('[data-testid="score-badge"]');
    > 77 |     const scoreText = await scoreBadge.textContent();
         |                                        ^
      78 |     const score = scoreText ? parseInt(scoreText.replace('Score: ', ''), 10) : 0;
      79 |
      80 |     // Score should be between 0 and 1000
        at /Users/rudolfchrispens/Documents/GIT/TaxLawEvaluator/tests/score-calculation.spec.ts:77:40

    Error Context: test-results/score-calculation-Score-Ca-36e52-thin-expected-range-0-1000--chromium/error-context.md


[1A[2K[50/73] [chromium] › tests/user-workflow.spec.ts:8:3 › User Persona Workflow › successful login
[1A[2K[51/73] [chromium] › tests/user-workflow.spec.ts:15:3 › User Persona Workflow › login fails with incorrect password
[1A[2K[52/73] [chromium] › tests/user-workflow.spec.ts:24:3 › User Persona Workflow › user can choose tax and scenario sets
[1A[2K[53/73] [chromium] › tests/user-workflow.spec.ts:49:3 › User Persona Workflow › user can create a new scenario with custom source nodes
[1A[2K[54/73] [chromium] › tests/user-workflow.spec.ts:77:3 › User Persona Workflow › user can create a new tax rule
[1A[2K[55/73] [chromium] › tests/user-workflow.spec.ts:93:3 › User Persona Workflow › user can create a complex tax with multiple formularules
[1A[2K  21) [chromium] › tests/user-workflow.spec.ts:93:3 › User Persona Workflow › user can create a complex tax with multiple formularules 

    Error: [2mexpect([22m[31mlocator[39m[2m).[22mtoBeVisible[2m([22m[2m)[22m failed

    Locator: locator('.node-widget:has([data-testid="node-title"]:text("Taxable Income"))')
    Expected: visible
    Error: strict mode violation: locator('.node-widget:has([data-testid="node-title"]:text("Taxable Income"))') resolved to 15 elements:
        1) <div class="group node-widget relative flex items-stretch min-w-[280px] bg-card border border-[hsl(var(--logic-node))] rounded-xl shadow-sm hover:shadow-lg">…</div> aka getByText('a(38.400)b(28.800)c(11.604)+−Taxable Income($a + $b) - $c=').first()
        2) <div class="group node-widget relative flex items-stretch min-w-[280px] bg-card border border-[hsl(var(--logic-node))] rounded-xl shadow-sm hover:shadow-lg">…</div> aka getByText('a(38.400)b(28.800)c(11.604)+−Taxable Income($a + $b) - $c=').nth(1)
        3) <div class="group node-widget relative flex items-stretch min-w-[280px] bg-card border border-[hsl(var(--logic-node))] rounded-xl shadow-sm hover:shadow-lg">…</div> aka getByText('a(38.400)b(28.800)c(11.604)+−Taxable Income($a + $b) - $c=').nth(2)
        4) <div class="group node-widget relative flex items-stretch min-w-[280px] bg-card border border-[hsl(var(--logic-node))] rounded-xl shadow-sm hover:shadow-lg">…</div> aka getByText('a(38.400)b(28.800)c(11.604)+−Taxable Income($a + $b) - $c=').nth(3)
        5) <div class="group node-widget relative flex items-stretch min-w-[280px] bg-card border border-[hsl(var(--logic-node))] rounded-xl shadow-sm hover:shadow-lg">…</div> aka getByText('a(38.400)b(28.800)c(11.604)+−Taxable Income($a + $b) - $c=').nth(4)
        6) <div class="group node-widget relative flex items-stretch min-w-[280px] bg-card border border-[hsl(var(--logic-node))] rounded-xl shadow-sm hover:shadow-lg">…</div> aka getByText('a(38.400)b(28.800)c(11.604)+−Taxable Income($a + $b) - $c=').nth(5)
        7) <div class="group node-widget relative flex items-stretch min-w-[280px] bg-card border border-[hsl(var(--logic-node))] rounded-xl shadow-sm hover:shadow-lg">…</div> aka locator('div:nth-child(28) > .group')
        8) <div class="group node-widget relative flex items-stretch min-w-[280px] bg-card border border-[hsl(var(--logic-node))] rounded-xl shadow-sm hover:shadow-lg">…</div> aka locator('div:nth-child(31) > .group')
        9) <div class="group node-widget relative flex items-stretch min-w-[280px] bg-card border border-[hsl(var(--logic-node))] rounded-xl shadow-sm hover:shadow-lg">…</div> aka locator('div:nth-child(58) > .group')
        10) <div class="group node-widget relative flex items-stretch min-w-[280px] bg-card border border-[hsl(var(--logic-node))] rounded-xl shadow-sm hover:shadow-lg">…</div> aka locator('div:nth-child(60) > .group')
        ...

    Call log:
    [2m  - Expect "toBeVisible" with timeout 15000ms[22m
    [2m  - waiting for locator('.node-widget:has([data-testid="node-title"]:text("Taxable Income"))')[22m


       at helpers.ts:108

      106 |   // Find node widget that contains a node-title with the given name
      107 |   const node = page.locator(`.node-widget:has([data-testid="node-title"]:text("${name}"))`);
    > 108 |   await expect(node).toBeVisible();
          |                      ^
      109 | }
      110 |
      111 | export async function createResultNode(page: Page): Promise<void> {
        at createTaxRule (/Users/rudolfchrispens/Documents/GIT/TaxLawEvaluator/tests/helpers.ts:108:22)
        at /Users/rudolfchrispens/Documents/GIT/TaxLawEvaluator/tests/user-workflow.spec.ts:100:5

    Error Context: test-results/user-workflow-User-Persona-fdcbd--with-multiple-formularules-chromium/error-context.md


[1A[2K[56/73] [chromium] › tests/user-workflow.spec.ts:116:3 › User Persona Workflow › user can save and load a tax law graph
[1A[2K[57/73] [chromium] › tests/variable-overrides.spec.ts:7:3 › Variable Overrides › variable overrides panel is visible after loading graph
[1A[2K[58/73] [chromium] › tests/variable-overrides.spec.ts:22:3 › Variable Overrides › adjusting variable value updates the input field
[1A[2K[59/73] [chromium] › tests/variable-overrides.spec.ts:46:3 › Variable Overrides › score recalculates after variable override
[1A[2K  22) [chromium] › tests/variable-overrides.spec.ts:46:3 › Variable Overrides › score recalculates after variable override 

    Error: [2mexpect([22m[31mlocator[39m[2m).[22mtoBeVisible[2m([22m[2m)[22m failed

    Locator: locator('[data-testid="score-badge"]')
    Expected: visible
    Timeout: 5000ms
    Error: element(s) not found

    Call log:
    [2m  - Expect "toBeVisible" with timeout 5000ms[22m
    [2m  - waiting for locator('[data-testid="score-badge"]')[22m


      52 |     // Get initial score
      53 |     const scoreBadge = page.locator('[data-testid="score-badge"]');
    > 54 |     await expect(scoreBadge).toBeVisible();
         |                              ^
      55 |     const initialScoreText = await scoreBadge.textContent();
      56 |     const initialScore = initialScoreText ? parseInt(initialScoreText.replace('Score: ', ''), 10) : 0;
      57 |
        at /Users/rudolfchrispens/Documents/GIT/TaxLawEvaluator/tests/variable-overrides.spec.ts:54:30

    Error Context: test-results/variable-overrides-Variabl-098ce-tes-after-variable-override-chromium/error-context.md


[1A[2K[60/73] [chromium] › tests/variable-overrides.spec.ts:84:3 › Variable Overrides › reset button restores default values
[1A[2K  23) [chromium] › tests/variable-overrides.spec.ts:84:3 › Variable Overrides › reset button restores default values 

    Error: [2mexpect([22m[31mreceived[39m[2m).[22mtoBe[2m([22m[32mexpected[39m[2m) // Object.is equality[22m

    Expected: [32m"38400"[39m
    Received: [31m"999999"[39m

      109 |     // Value should be back to initial
      110 |     const resetValue = await firstInput.inputValue();
    > 111 |     expect(resetValue).toBe(initialValue);
          |                        ^
      112 |   });
      113 |
      114 |   test('score displays breakdown with base, penalties, and bonuses', async ({ page }) => {
        at /Users/rudolfchrispens/Documents/GIT/TaxLawEvaluator/tests/variable-overrides.spec.ts:111:24

    Error Context: test-results/variable-overrides-Variabl-1fc30-ton-restores-default-values-chromium/error-context.md


[1A[2K[61/73] [chromium] › tests/variable-overrides.spec.ts:114:3 › Variable Overrides › score displays breakdown with base, penalties, and bonuses
[1A[2K  24) [chromium] › tests/performance.spec.ts:55:3 › Performance & Large Graphs › node operations remain responsive with many nodes 

    [31mTest timeout of 180000ms exceeded.[39m

    Error: page.click: Test timeout of 180000ms exceeded.
    Call log:
    [2m  - waiting for locator('[data-testid="tax-rule-button"]')[22m
    [2m    - locator resolved to <button disabled data-testid="tax-rule-button" class="inline-flex items-center justify-center gap-2 whitespace-nowrap text-sm font-medium ring-offset-background focus-visible:outline-none focus-visible:ring-2 focus-visible:ring-ring focus-visible:ring-offset-2 disabled:pointer-events-none disabled:bg-secondary disabled:text-muted-foreground [&_svg]:pointer-events-none [&_svg]:size-4 [&_svg]:shrink-0 border hover:text-accent-foreground h-9 rounded-md px-3 border-[hsl(var(--logic-node))] text-foreground…>…</button>[22m
    [2m  - attempting click action[22m
    [2m    2 × waiting for element to be visible, enabled and stable[22m
    [2m      - element is not enabled[22m
    [2m    - retrying click action[22m
    [2m    - waiting 20ms[22m
    [2m    2 × waiting for element to be visible, enabled and stable[22m
    [2m      - element is not enabled[22m
    [2m    - retrying click action[22m
    [2m      - waiting 100ms[22m
    [2m    25 × waiting for element to be visible, enabled and stable[22m
    [2m       - element is not enabled[22m
    [2m     - retrying click action[22m
    [2m       - waiting 500ms[22m
    [2m  - element was detached from the DOM, retrying[22m
    [2m    - waiting for" http://localhost:5173/" navigation to finish...[22m
    [2m    - navigated to "http://localhost:5173/"[22m
    [2m    - locator resolved to <button disabled data-testid="tax-rule-button" class="inline-flex items-center justify-center gap-2 whitespace-nowrap text-sm font-medium ring-offset-background focus-visible:outline-none focus-visible:ring-2 focus-visible:ring-ring focus-visible:ring-offset-2 disabled:pointer-events-none disabled:bg-secondary disabled:text-muted-foreground [&_svg]:pointer-events-none [&_svg]:size-4 [&_svg]:shrink-0 border hover:text-accent-foreground h-9 rounded-md px-3 border-[hsl(var(--logic-node))] text-foreground…>…</button>[22m
    [2m  - attempting click action[22m
    [2m    - waiting for element to be visible, enabled and stable[22m
    [2m    - element is not enabled[22m
    [2m  - retrying click action[22m
    [2m    - waiting for element to be visible, enabled and stable[22m
    [2m    - element is not stable[22m
    [2m  - retrying click action[22m
    [2m    - waiting 20ms[22m
    [2m    2 × waiting for element to be visible, enabled and stable[22m
    [2m      - element is not enabled[22m
    [2m    - retrying click action[22m
    [2m      - waiting 100ms[22m
    [2m    2 × waiting for element to be visible, enabled and stable[22m
    [2m      - element is not enabled[22m
    [2m    - retrying click action[22m
    [2m      - waiting 500ms[22m
    [2m      - waiting for element to be visible, enabled and stable[22m
    [2m      - element is not enabled[22m
    [2m    - retrying click action[22m
    [2m      - waiting 500ms[22m
    [2m      - waiting for element to be visible, enabled and stable[22m
    [2m      - element is not enabled[22m
    [2m    - retrying click action[22m
    [2m      - waiting 500ms[22m
    [2m      - waiting for element to be visible, enabled and stable[22m
    [2m      - element is not enabled[22m
    [2m    - retrying click action[22m
    [2m      - waiting 500ms[22m
    [2m      - waiting for element to be visible, enabled and stable[22m
    [2m      - element is not enabled[22m
    [2m    - retrying click action[22m
    [2m      - waiting 500ms[22m
    [2m      - waiting for element to be visible, enabled and stable[22m
    [2m      - element is not enabled[22m
    [2m    - retrying click action[22m
    [2m      - waiting 500ms[22m
    [2m      - waiting for element to be visible, enabled and stable[22m
    [2m      - element is not enabled[22m
    [2m    - retrying click action[22m
    [2m      - waiting 500ms[22m
    [2m      - waiting for element to be visible, enabled and stable[22m
    [2m      - element is not enabled[22m
    [2m    - retrying click action[22m
    [2m      - waiting 500ms[22m
    [2m      - waiting for element to be visible, enabled and stable[22m
    [2m      - element is not enabled[22m
    [2m    - retrying click action[22m
    [2m      - waiting 500ms[22m
    [2m      - waiting for element to be visible, enabled and stable[22m
    [2m      - element is not enabled[22m
    [2m    - retrying click action[22m
    [2m      - waiting 500ms[22m
    [2m      - waiting for element to be visible, enabled and stable[22m
    [2m      - element is not enabled[22m
    [2m    - retrying click action[22m
    [2m      - waiting 500ms[22m
    [2m      - waiting for element to be visible, enabled and stable[22m
    [2m      - element is not enabled[22m
    [2m    - retrying click action[22m
    [2m      - waiting 500ms[22m
    [2m      - waiting for element to be visible, enabled and stable[22m
    [2m      - element is not enabled[22m
    [2m    - retrying click action[22m
    [2m      - waiting 500ms[22m
    [2m      - waiting for element to be visible, enabled and stable[22m
    [2m      - element is not enabled[22m
    [2m    - retrying click action[22m
    [2m      - waiting 500ms[22m
    [2m      - waiting for element to be visible, enabled and stable[22m
    [2m      - element is not enabled[22m
    [2m    - retrying click action[22m
    [2m      - waiting 500ms[22m
    [2m      - waiting for element to be visible, enabled and stable[22m
    [2m      - element is not enabled[22m
    [2m    - retrying click action[22m
    [2m      - waiting 500ms[22m
    [2m      - waiting for element to be visible, enabled and stable[22m
    [2m      - element is not enabled[22m
    [2m    - retrying click action[22m
    [2m      - waiting 500ms[22m
    [2m      - waiting for element to be visible, enabled and stable[22m
    [2m      - element is not enabled[22m
    [2m    - retrying click action[22m
    [2m      - waiting 500ms[22m
    [2m      - waiting for element to be visible, enabled and stable[22m
    [2m      - element is not enabled[22m
    [2m    - retrying click action[22m
    [2m      - waiting 500ms[22m
    [2m      - waiting for element to be visible, enabled and stable[22m
    [2m      - element is not enabled[22m
    [2m    - retrying click action[22m
    [2m      - waiting 500ms[22m
    [2m      - waiting for element to be visible, enabled and stable[22m
    [2m      - element is not enabled[22m
    [2m    - retrying click action[22m
    [2m      - waiting 500ms[22m
    [2m      - waiting for element to be visible, enabled and stable[22m
    [2m      - element is not enabled[22m
    [2m    - retrying click action[22m
    [2m      - waiting 500ms[22m
    [2m      - waiting for element to be visible, enabled and stable[22m
    [2m      - element is not enabled[22m
    [2m    - retrying click action[22m
    [2m      - waiting 500ms[22m
    [2m      - waiting for element to be visible, enabled and stable[22m
    [2m      - element is not enabled[22m
    [2m    - retrying click action[22m
    [2m      - waiting 500ms[22m
    [2m      - waiting for element to be visible, enabled and stable[22m
    [2m      - element is not enabled[22m
    [2m    - retrying click action[22m
    [2m      - waiting 500ms[22m
    [2m      - waiting for element to be visible, enabled and stable[22m
    [2m      - element is not enabled[22m
    [2m    - retrying click action[22m
    [2m      - waiting 500ms[22m
    [2m      - waiting for element to be visible, enabled and stable[22m
    [2m      - element is not enabled[22m
    [2m    - retrying click action[22m
    [2m      - waiting 500ms[22m
    [2m      - waiting for element to be visible, enabled and stable[22m
    [2m      - element is not enabled[22m
    [2m    - retrying click action[22m
    [2m      - waiting 500ms[22m
    [2m      - waiting for element to be visible, enabled and stable[22m
    [2m      - element is not enabled[22m
    [2m    - retrying click action[22m
    [2m      - waiting 500ms[22m
    [2m      - waiting for element to be visible, enabled and stable[22m
    [2m      - element is not enabled[22m
    [2m    - retrying click action[22m
    [2m      - waiting 500ms[22m
    [2m      - waiting for element to be visible, enabled and stable[22m
    [2m      - element is not enabled[22m
    [2m    - retrying click action[22m
    [2m      - waiting 500ms[22m
    [2m      - waiting for element to be visible, enabled and stable[22m
    [2m      - element is not enabled[22m
    [2m    - retrying click action[22m
    [2m      - waiting 500ms[22m
    [2m      - waiting for element to be visible, enabled and stable[22m
    [2m      - element is not enabled[22m
    [2m    - retrying click action[22m
    [2m      - waiting 500ms[22m
    [2m      - waiting for element to be visible, enabled and stable[22m
    [2m      - element is not enabled[22m
    [2m    - retrying click action[22m
    [2m      - waiting 500ms[22m
    [2m      - waiting for element to be visible, enabled and stable[22m
    [2m      - element is not enabled[22m
    [2m    - retrying click action[22m
    [2m      - waiting 500ms[22m
    [2m      - waiting for element to be visible, enabled and stable[22m
    [2m      - element is not enabled[22m
    [2m    - retrying click action[22m
    [2m      - waiting 500ms[22m
    [2m      - waiting for element to be visible, enabled and stable[22m
    [2m      - element is not enabled[22m
    [2m    - retrying click action[22m
    [2m      - waiting 500ms[22m
    [2m      - waiting for element to be visible, enabled and stable[22m
    [2m      - element is not enabled[22m
    [2m    - retrying click action[22m
    [2m      - waiting 500ms[22m
    [2m      - waiting for element to be visible, enabled and stable[22m
    [2m      - element is not enabled[22m
    [2m    - retrying click action[22m
    [2m      - waiting 500ms[22m
    [2m      - waiting for element to be visible, enabled and stable[22m
    [2m      - element is not enabled[22m
    [2m    - retrying click action[22m
    [2m      - waiting 500ms[22m
    [2m      - waiting for element to be visible, enabled and stable[22m
    [2m      - element is not enabled[22m
    [2m    - retrying click action[22m
    [2m      - waiting 500ms[22m
    [2m    - element was detached from the DOM, retrying[22m
    [2m      - locator resolved to <button disabled data-testid="tax-rule-button" class="inline-flex items-center justify-center gap-2 whitespace-nowrap text-sm font-medium ring-offset-background focus-visible:outline-none focus-visible:ring-2 focus-visible:ring-ring focus-visible:ring-offset-2 disabled:pointer-events-none disabled:bg-secondary disabled:text-muted-foreground [&_svg]:pointer-events-none [&_svg]:size-4 [&_svg]:shrink-0 border hover:text-accent-foreground h-9 rounded-md px-3 border-[hsl(var(--logic-node))] text-foreground…>…</button>[22m
    [2m    - attempting click action[22m
    [2m      - waiting for element to be visible, enabled and stable[22m
    [2m      - element is not enabled[22m
    [2m    - retrying click action[22m
    [2m      - waiting for element to be visible, enabled and stable[22m
    [2m      - element is not enabled[22m
    [2m    - retrying click action[22m
    [2m      - waiting 20ms[22m
    [2m      - waiting for element to be visible, enabled and stable[22m
    [2m      - element is not enabled[22m
    [2m    - retrying click action[22m
    [2m      - waiting 100ms[22m
    [2m      - waiting for element to be visible, enabled and stable[22m
    [2m      - element is not enabled[22m
    [2m    - retrying click action[22m
    [2m      - waiting 100ms[22m
    [2m      - waiting for element to be visible, enabled and stable[22m
    [2m      - element is not enabled[22m
    [2m    - retrying click action[22m
    [2m      - waiting 500ms[22m
    [2m      - waiting for element to be visible, enabled and stable[22m
    [2m      - element is not enabled[22m
    [2m    - retrying click action[22m
    [2m      - waiting 500ms[22m
    [2m      - waiting for element to be visible, enabled and stable[22m
    [2m      - element is not enabled[22m
    [2m    - retrying click action[22m
    [2m      - waiting 500ms[22m
    [2m      - waiting for element to be visible, enabled and stable[22m
    [2m      - element is not enabled[22m
    [2m    - retrying click action[22m
    [2m      - waiting 500ms[22m
    [2m      - waiting for element to be visible, enabled and stable[22m
    [2m      - element is not enabled[22m
    [2m    - retrying click action[22m
    [2m      - waiting 500ms[22m
    [2m      - waiting for element to be visible, enabled and stable[22m
    [2m      - element is not enabled[22m
    [2m    - retrying click action[22m
    [2m      - waiting 500ms[22m
    [2m      - waiting for element to be visible, enabled and stable[22m
    [2m      - element is not enabled[22m
    [2m    - retrying click action[22m
    [2m      - waiting 500ms[22m
    [2m      - waiting for element to be visible, enabled and stable[22m
    [2m      - element is not enabled[22m
    [2m    - retrying click action[22m
    [2m      - waiting 500ms[22m
    [2m      - waiting for element to be visible, enabled and stable[22m
    [2m      - element is not enabled[22m
    [2m    - retrying click action[22m
    [2m      - waiting 500ms[22m
    [2m      - waiting for element to be visible, enabled and stable[22m
    [2m      - element is not enabled[22m
    [2m    - retrying click action[22m
    [2m      - waiting 500ms[22m
    [2m      - waiting for element to be visible, enabled and stable[22m
    [2m      - element is not enabled[22m
    [2m    - retrying click action[22m
    [2m      - waiting 500ms[22m
    [2m      - waiting for element to be visible, enabled and stable[22m
    [2m      - element is not enabled[22m
    [2m    - retrying click action[22m
    [2m      - waiting 500ms[22m
    [2m      - waiting for element to be visible, enabled and stable[22m
    [2m      - element is not enabled[22m
    [2m    - retrying click action[22m
    [2m      - waiting 500ms[22m
    [2m      - waiting for element to be visible, enabled and stable[22m
    [2m      - element is not enabled[22m
    [2m    - retrying click action[22m
    [2m      - waiting 500ms[22m
    [2m      - waiting for element to be visible, enabled and stable[22m
    [2m      - element is not enabled[22m
    [2m    - retrying click action[22m
    [2m      - waiting 500ms[22m
    [2m      - waiting for element to be visible, enabled and stable[22m
    [2m      - element is not enabled[22m
    [2m    - retrying click action[22m
    [2m      - waiting 500ms[22m
    [2m      - waiting for element to be visible, enabled and stable[22m
    [2m      - element is not enabled[22m
    [2m    - retrying click action[22m
    [2m      - waiting 500ms[22m
    [2m      - waiting for element to be visible, enabled and stable[22m
    [2m      - element is not enabled[22m
    [2m    - retrying click action[22m
    [2m      - waiting 500ms[22m
    [2m      - waiting for element to be visible, enabled and stable[22m
    [2m      - element is not enabled[22m
    [2m    - retrying click action[22m
    [2m      - waiting 500ms[22m
    [2m      - waiting for element to be visible, enabled and stable[22m
    [2m      - element is not enabled[22m
    [2m    - retrying click action[22m
    [2m      - waiting 500ms[22m
    [2m      - waiting for element to be visible, enabled and stable[22m
    [2m      - element is not enabled[22m
    [2m    - retrying click action[22m
    [2m      - waiting 500ms[22m
    [2m      - waiting for element to be visible, enabled and stable[22m
    [2m      - element is not enabled[22m
    [2m    - retrying click action[22m
    [2m      - waiting 500ms[22m
    [2m      - waiting for element to be visible, enabled and stable[22m
    [2m      - element is not enabled[22m
    [2m    - retrying click action[22m
    [2m      - waiting 500ms[22m
    [2m      - waiting for element to be visible, enabled and stable[22m
    [2m      - element is not enabled[22m
    [2m    - retrying click action[22m
    [2m      - waiting 500ms[22m
    [2m      - waiting for element to be visible, enabled and stable[22m
    [2m      - element is not enabled[22m
    [2m    - retrying click action[22m
    [2m      - waiting 500ms[22m
    [2m      - waiting for element to be visible, enabled and stable[22m
    [2m      - element is not enabled[22m
    [2m    - retrying click action[22m
    [2m      - waiting 500ms[22m
    [2m      - waiting for element to be visible, enabled and stable[22m
    [2m      - element is not enabled[22m
    [2m    - retrying click action[22m
    [2m      - waiting 500ms[22m
    [2m      - waiting for element to be visible, enabled and stable[22m
    [2m      - element is not enabled[22m
    [2m    - retrying click action[22m
    [2m      - waiting 500ms[22m
    [2m      - waiting for element to be visible, enabled and stable[22m
    [2m      - element is not enabled[22m
    [2m    - retrying click action[22m
    [2m      - waiting 500ms[22m
    [2m      - waiting for element to be visible, enabled and stable[22m
    [2m      - element is not enabled[22m
    [2m    - retrying click action[22m
    [2m      - waiting 500ms[22m
    [2m      - waiting for element to be visible, enabled and stable[22m
    [2m      - element is not enabled[22m
    [2m    - retrying click action[22m
    [2m      - waiting 500ms[22m
    [2m      - waiting for element to be visible, enabled and stable[22m
    [2m      - element is not enabled[22m
    [2m    - retrying click action[22m
    [2m      - waiting 500ms[22m
    [2m      - waiting for element to be visible, enabled and stable[22m
    [2m      - element is not enabled[22m
    [2m    - retrying click action[22m
    [2m      - waiting 500ms[22m
    [2m      - waiting for element to be visible, enabled and stable[22m
    [2m      - element is not enabled[22m
    [2m    - retrying click action[22m
    [2m      - waiting 500ms[22m
    [2m      - waiting for element to be visible, enabled and stable[22m
    [2m      - element is not enabled[22m
    [2m    - retrying click action[22m
    [2m      - waiting 500ms[22m
    [2m      - waiting for element to be visible, enabled and stable[22m
    [2m      - element is not enabled[22m
    [2m    - retrying click action[22m
    [2m      - waiting 500ms[22m
    [2m      - waiting for element to be visible, enabled and stable[22m
    [2m      - element is not enabled[22m
    [2m    - retrying click action[22m
    [2m      - waiting 500ms[22m
    [2m      - waiting for element to be visible, enabled and stable[22m
    [2m      - element is not enabled[22m
    [2m    - retrying click action[22m
    [2m      - waiting 500ms[22m
    [2m      - waiting for element to be visible, enabled and stable[22m
    [2m      - element is not enabled[22m
    [2m    - retrying click action[22m
    [2m      - waiting 500ms[22m
    [2m      - waiting for element to be visible, enabled and stable[22m
    [2m      - element is not enabled[22m
    [2m    - retrying click action[22m
    [2m      - waiting 500ms[22m
    [2m      - waiting for element to be visible, enabled and stable[22m
    [2m      - element is not enabled[22m
    [2m    - retrying click action[22m
    [2m      - waiting 500ms[22m
    [2m      - waiting for element to be visible, enabled and stable[22m
    [2m      - element is not enabled[22m
    [2m    - retrying click action[22m
    [2m      - waiting 500ms[22m
    [2m      - waiting for element to be visible, enabled and stable[22m
    [2m      - element is not enabled[22m
    [2m    - retrying click action[22m
    [2m      - waiting 500ms[22m
    [2m      - waiting for element to be visible, enabled and stable[22m
    [2m      - element is not enabled[22m
    [2m    - retrying click action[22m
    [2m      - waiting 500ms[22m
    [2m      - waiting for element to be visible, enabled and stable[22m
    [2m      - element is not enabled[22m
    [2m    - retrying click action[22m
    [2m      - waiting 500ms[22m
    [2m      - waiting for element to be visible, enabled and stable[22m
    [2m      - element is not enabled[22m
    [2m    - retrying click action[22m
    [2m      - waiting 500ms[22m
    [2m      - waiting for element to be visible, enabled and stable[22m
    [2m      - element is not enabled[22m
    [2m    - retrying click action[22m
    [2m      - waiting 500ms[22m
    [2m      - waiting for element to be visible, enabled and stable[22m
    [2m      - element is not enabled[22m
    [2m    - retrying click action[22m
    [2m      - waiting 500ms[22m
    [2m      - waiting for element to be visible, enabled and stable[22m
    [2m      - element is not enabled[22m
    [2m    - retrying click action[22m
    [2m      - waiting 500ms[22m
    [2m      - waiting for element to be visible, enabled and stable[22m
    [2m      - element is not enabled[22m
    [2m    - retrying click action[22m
    [2m      - waiting 500ms[22m
    [2m      - waiting for element to be visible, enabled and stable[22m
    [2m      - element is not enabled[22m
    [2m    - retrying click action[22m
    [2m      - waiting 500ms[22m
    [2m      - waiting for element to be visible, enabled and stable[22m
    [2m      - element is not enabled[22m
    [2m    - retrying click action[22m
    [2m      - waiting 500ms[22m
    [2m      - waiting for element to be visible, enabled and stable[22m
    [2m      - element is not enabled[22m
    [2m    - retrying click action[22m
    [2m      - waiting 500ms[22m
    [2m      - waiting for element to be visible, enabled and stable[22m
    [2m      - element is not enabled[22m
    [2m    - retrying click action[22m
    [2m      - waiting 500ms[22m
    [2m      - waiting for element to be visible, enabled and stable[22m
    [2m      - element is not enabled[22m
    [2m    - retrying click action[22m
    [2m      - waiting 500ms[22m
    [2m      - waiting for element to be visible, enabled and stable[22m
    [2m      - element is not enabled[22m
    [2m    - retrying click action[22m
    [2m      - waiting 500ms[22m
    [2m      - waiting for element to be visible, enabled and stable[22m
    [2m      - element is not enabled[22m
    [2m    - retrying click action[22m
    [2m      - waiting 500ms[22m
    [2m      - waiting for element to be visible, enabled and stable[22m
    [2m      - element is not enabled[22m
    [2m    - retrying click action[22m
    [2m      - waiting 500ms[22m
    [2m      - waiting for element to be visible, enabled and stable[22m
    [2m      - element is not enabled[22m
    [2m    - retrying click action[22m
    [2m      - waiting 500ms[22m
    [2m      - waiting for element to be visible, enabled and stable[22m
    [2m      - element is not enabled[22m
    [2m    - retrying click action[22m
    [2m      - waiting 500ms[22m
    [2m      - waiting for element to be visible, enabled and stable[22m
    [2m      - element is not enabled[22m
    [2m    - retrying click action[22m
    [2m      - waiting 500ms[22m
    [2m      - waiting for element to be visible, enabled and stable[22m
    [2m      - element is not enabled[22m
    [2m    - retrying click action[22m
    [2m      - waiting 500ms[22m
    [2m      - waiting for element to be visible, enabled and stable[22m
    [2m      - element is not enabled[22m
    [2m    - retrying click action[22m
    [2m      - waiting 500ms[22m
    [2m      - waiting for element to be visible, enabled and stable[22m
    [2m      - element is not enabled[22m
    [2m    - retrying click action[22m
    [2m      - waiting 500ms[22m
    [2m      - waiting for element to be visible, enabled and stable[22m
    [2m      - element is not enabled[22m
    [2m    - retrying click action[22m
    [2m      - waiting 500ms[22m
    [2m      - waiting for element to be visible, enabled and stable[22m
    [2m      - element is not enabled[22m
    [2m    - retrying click action[22m
    [2m      - waiting 500ms[22m
    [2m      - waiting for element to be visible, enabled and stable[22m
    [2m      - element is not enabled[22m
    [2m    - retrying click action[22m
    [2m      - waiting 500ms[22m
    [2m      - waiting for element to be visible, enabled and stable[22m
    [2m      - element is not enabled[22m
    [2m    - retrying click action[22m
    [2m      - waiting 500ms[22m
    [2m      - waiting for element to be visible, enabled and stable[22m
    [2m      - element is not enabled[22m
    [2m    - retrying click action[22m
    [2m      - waiting 500ms[22m
    [2m      - waiting for element to be visible, enabled and stable[22m
    [2m      - element is not enabled[22m
    [2m    - retrying click action[22m
    [2m      - waiting 500ms[22m
    [2m      - waiting for element to be visible, enabled and stable[22m
    [2m      - element is not enabled[22m
    [2m    - retrying click action[22m
    [2m      - waiting 500ms[22m
    [2m      - waiting for element to be visible, enabled and stable[22m
    [2m      - element is not enabled[22m
    [2m    - retrying click action[22m
    [2m      - waiting 500ms[22m
    [2m      - waiting for element to be visible, enabled and stable[22m
    [2m      - element is not enabled[22m
    [2m    - retrying click action[22m
    [2m      - waiting 500ms[22m
    [2m      - waiting for element to be visible, enabled and stable[22m
    [2m      - element is not enabled[22m
    [2m    - retrying click action[22m
    [2m      - waiting 500ms[22m
    [2m      - waiting for element to be visible, enabled and stable[22m
    [2m      - element is not enabled[22m
    [2m    - retrying click action[22m
    [2m      - waiting 500ms[22m
    [2m      - waiting for element to be visible, enabled and stable[22m
    [2m      - element is not enabled[22m
    [2m    - retrying click action[22m
    [2m      - waiting 500ms[22m
    [2m      - waiting for element to be visible, enabled and stable[22m
    [2m      - element is not enabled[22m
    [2m    - retrying click action[22m
    [2m      - waiting 500ms[22m
    [2m      - waiting for element to be visible, enabled and stable[22m
    [2m      - element is not enabled[22m
    [2m    - retrying click action[22m
    [2m      - waiting 500ms[22m
    [2m      - waiting for element to be visible, enabled and stable[22m
    [2m      - element is not enabled[22m
    [2m    - retrying click action[22m
    [2m      - waiting 500ms[22m
    [2m      - waiting for element to be visible, enabled and stable[22m
    [2m      - element is not enabled[22m
    [2m    - retrying click action[22m
    [2m      - waiting 500ms[22m
    [2m      - waiting for element to be visible, enabled and stable[22m
    [2m      - element is not enabled[22m
    [2m    - retrying click action[22m
    [2m      - waiting 500ms[22m
    [2m      - waiting for element to be visible, enabled and stable[22m
    [2m      - element is not enabled[22m
    [2m    - retrying click action[22m
    [2m      - waiting 500ms[22m
    [2m    39 × waiting for element to be visible, enabled and stable[22m
    [2m       - element is not enabled[22m
    [2m     - retrying click action[22m
    [2m       - waiting 500ms[22m
    [2m  2 × element was detached from the DOM, retrying[22m
    [2m      - locator resolved to <button disabled data-testid="tax-rule-button" class="inline-flex items-center justify-center gap-2 whitespace-nowrap text-sm font-medium ring-offset-background focus-visible:outline-none focus-visible:ring-2 focus-visible:ring-ring focus-visible:ring-offset-2 disabled:pointer-events-none disabled:bg-secondary disabled:text-muted-foreground [&_svg]:pointer-events-none [&_svg]:size-4 [&_svg]:shrink-0 border hover:text-accent-foreground h-9 rounded-md px-3 border-[hsl(var(--logic-node))] text-foreground…>…</button>[22m
    [2m    - attempting click action[22m
    [2m      - waiting for element to be visible, enabled and stable[22m
    [2m      - element is not enabled[22m
    [2m    - retrying click action[22m
    [2m      - waiting for element to be visible, enabled and stable[22m
    [2m      - element is not enabled[22m
    [2m    - retrying click action[22m
    [2m      - waiting 20ms[22m
    [2m      - waiting for element to be visible, enabled and stable[22m
    [2m      - element is not enabled[22m
    [2m    - retrying click action[22m
    [2m      - waiting 100ms[22m
    [2m      - waiting for element to be visible, enabled and stable[22m
    [2m      - element is not enabled[22m
    [2m    - retrying click action[22m
    [2m      - waiting 100ms[22m
    [2m      - waiting for element to be visible, enabled and stable[22m
    [2m      - element is not enabled[22m
    [2m    - retrying click action[22m
    [2m      - waiting 500ms[22m
    [2m    23 × waiting for element to be visible, enabled and stable[22m
    [2m       - element is not enabled[22m
    [2m     - retrying click action[22m
    [2m       - waiting 500ms[22m


      66 |
      67 |     for (let i = 1; i <= 8; i++) {
    > 68 |       await page.click('[data-testid="tax-rule-button"]');
         |                  ^
      69 |       await page.waitForTimeout(200);
      70 |
      71 |       const createNewTab = page.locator('[data-testid="create-new-rule-tab"]');
        at /Users/rudolfchrispens/Documents/GIT/TaxLawEvaluator/tests/performance.spec.ts:68:18

    Error Context: test-results/performance-Performance-La-55d9c--responsive-with-many-nodes-chromium/error-context.md


[1A[2K[62/73] [chromium] › tests/yaml-integrity.spec.ts:7:3 › YAML Integrity & Structure › scenario YAML contains correct structure after adding nodes
[1A[2K  25) [chromium] › tests/yaml-integrity.spec.ts:7:3 › YAML Integrity & Structure › scenario YAML contains correct structure after adding nodes 

    Error: [2mexpect([22m[31mreceived[39m[2m).[22mtoContain[2m([22m[32mexpected[39m[2m) // indexOf[22m

    Expected substring: [32m"y:"[39m
    Received string:    [31m"name: Generic Median Family - 2A 2C[39m
    [31mtaxConfigId: 19[39m
    [31muser_id: 1[39m
    [31mnodes:[39m
    [31m  - nodeId: a0afb892-6d3e-49e7-a314-8e85387d801c[39m
    [31m    label: Primary Gross Salary[39m
    [31m    inputId: a[39m
    [31m    x: 40[39m
    [31m    'y': 60[39m
    [31m  - nodeId: b57825b6-ea9e-481f-9fcd-7d70eea126b3[39m
    [31m    label: Secondary Gross Salary[39m
    [31m    inputId: b[39m
    [31m    x: 40[39m
    [31m    'y': 170[39m
    [31m  - nodeId: 88e14a8e-db7a-4e4f-906d-9d956d33ca89[39m
    [31m    label: Tax Free Allowance[39m
    [31m    inputId: c[39m
    [31m    x: 40[39m
    [31m    'y': 280[39m
    [31m    staticValueOverride: 11604[39m
    [31m  - nodeId: 094f2750-d7b0-4854-9147-5ea7fd38a2f6[39m
    [31m    label: Custom Source Node[39m
    [31m    inputId: ''[39m
    [31m    x: 266[39m
    [31m    'y': 150[39m
    [31m    staticValueOverride: 50000[39m
    [31mversion: 1[39m
    [31m"[39m

      36 |     // Should have node structure with position coordinates
      37 |     expect(yamlText).toContain('x:');
    > 38 |     expect(yamlText).toContain('y:');
         |                      ^
      39 |   });
      40 |
      41 |   test('tax law YAML shows nodes and links after rule creation', async ({ page }) => {
        at /Users/rudolfchrispens/Documents/GIT/TaxLawEvaluator/tests/yaml-integrity.spec.ts:38:22

    Error Context: test-results/yaml-integrity-YAML-Integr-1847e-tructure-after-adding-nodes-chromium/error-context.md


[1A[2K[63/73] [chromium] › tests/yaml-integrity.spec.ts:41:3 › YAML Integrity & Structure › tax law YAML shows nodes and links after rule creation
[1A[2K  26) [chromium] › tests/variable-overrides.spec.ts:114:3 › Variable Overrides › score displays breakdown with base, penalties, and bonuses 

    Error: [2mexpect([22m[31mlocator[39m[2m).[22mtoBeVisible[2m([22m[2m)[22m failed

    Locator: locator('[data-testid="score-badge"]')
    Expected: visible
    Timeout: 5000ms
    Error: element(s) not found

    Call log:
    [2m  - Expect "toBeVisible" with timeout 5000ms[22m
    [2m  - waiting for locator('[data-testid="score-badge"]')[22m


      120 |     // The score badge should show the total score
      121 |     const scoreBadge = page.locator('[data-testid="score-badge"]');
    > 122 |     await expect(scoreBadge).toBeVisible();
          |                              ^
      123 |     const scoreText = await scoreBadge.textContent();
      124 |
      125 |     // Score should be a number between 0 and 1000 (or base score range)
        at /Users/rudolfchrispens/Documents/GIT/TaxLawEvaluator/tests/variable-overrides.spec.ts:122:30

    Error Context: test-results/variable-overrides-Variabl-82791--base-penalties-and-bonuses-chromium/error-context.md


[1A[2K[64/73] [chromium] › tests/yaml-integrity.spec.ts:80:3 › YAML Integrity & Structure › YAML updates immediately when node added
[1A[2K[65/73] [chromium] › tests/yaml-integrity.spec.ts:112:3 › YAML Integrity & Structure › saved scenario graph includes correct node positions
[1A[2K  27) [chromium] › tests/yaml-integrity.spec.ts:41:3 › YAML Integrity & Structure › tax law YAML shows nodes and links after rule creation 

    Error: [2mexpect([22m[31mreceived[39m[2m).[22mtoContain[2m([22m[32mexpected[39m[2m) // indexOf[22m

    Expected substring: [32m"nodeId:"[39m
    Received string:    [31m"name: Untitled Tax Law[39m
    [31mtaxConfigId: null[39m
    [31muser_id: 1[39m
    [31mnodes: [][39m
    [31mlinks: [][39m
    [31mversion: 1[39m
    [31m"[39m

      73 |     expect(yamlText).toContain('links:');
      74 |     expect(yamlText).toContain('version:');
    > 75 |     expect(yamlText).toContain('nodeId:');
         |                      ^
      76 |     expect(yamlText).toContain('ruleId:');
      77 |     expect(yamlText).toContain('ruleName:');
      78 |   });
        at /Users/rudolfchrispens/Documents/GIT/TaxLawEvaluator/tests/yaml-integrity.spec.ts:75:22

    Error Context: test-results/yaml-integrity-YAML-Integr-21adf-d-links-after-rule-creation-chromium/error-context.md


[1A[2K[66/73] [chromium] › tests/yaml-integrity.spec.ts:149:3 › YAML Integrity & Structure › tax law graph YAML includes all node and link information
[1A[2K  28) [chromium] › tests/performance.spec.ts:106:3 › Performance & Large Graphs › graph with 30+ nodes loads and renders 

    [31mTest timeout of 180000ms exceeded.[39m

    Error: page.click: Test timeout of 180000ms exceeded.
    Call log:
    [2m  - waiting for locator('[data-testid="create-rule-button"]')[22m
    [2m    - locator resolved to <button data-testid="create-rule-button" class="inline-flex items-center justify-center gap-2 whitespace-nowrap text-sm font-medium ring-offset-background transition-colors focus-visible:outline-none focus-visible:ring-2 focus-visible:ring-ring focus-visible:ring-offset-2 disabled:pointer-events-none disabled:bg-secondary disabled:text-muted-foreground [&_svg]:pointer-events-none [&_svg]:size-4 [&_svg]:shrink-0 h-9 rounded-md px-3 bg-primary text-primary-foreground hover:bg-primary">…</button>[22m
    [2m  - attempting click action[22m
    [2m    - waiting for element to be visible, enabled and stable[22m
    [2m  - element was detached from the DOM, retrying[22m
    [2m    - waiting for" http://localhost:5173/" navigation to finish...[22m
    [2m    - navigated to "http://localhost:5173/"[22m


      130 |       await page.fill('[data-testid="rule-name-input"]', `Large Rule ${i}`);
      131 |       await page.fill('[data-testid="rule-formula-input"]', `$large_source_1 * ${0.05 * i}`);
    > 132 |       await page.click('[data-testid="create-rule-button"]');
          |                  ^
      133 |       if (i % 5 === 0) await page.waitForTimeout(200);
      134 |     }
      135 |
        at /Users/rudolfchrispens/Documents/GIT/TaxLawEvaluator/tests/performance.spec.ts:132:18

    Error Context: test-results/performance-Performance-La-4819c--30-nodes-loads-and-renders-chromium/error-context.md


[1A[2K[67/73] [chromium] › tests/yaml-preview-tooltip.spec.ts:5:3 › YAML Preview Tooltips › should show scenario YAML preview on help icon hover
[1A[2K[68/73] [chromium] › tests/yaml-preview-tooltip.spec.ts:40:3 › YAML Preview Tooltips › should show tax law YAML preview on help icon hover
[1A[2K[69/73] [chromium] › tests/yaml-preview-tooltip.spec.ts:76:3 › YAML Preview Tooltips › scenario YAML should update when nodes are added
[1A[2K[70/73] [chromium] › tests/zoom-controls.spec.ts:7:3 › Zoom Controls › zoom in button enlarges canvas
[1A[2K[71/73] [chromium] › tests/zoom-controls.spec.ts:27:3 › Zoom Controls › zoom out button shrinks canvas
[1A[2K[72/73] [chromium] › tests/zoom-controls.spec.ts:47:3 › Zoom Controls › zoom reset button returns to 100%
[1A[2K[73/73] [chromium] › tests/zoom-controls.spec.ts:73:3 › Zoom Controls › zoom buttons have correct enabled/disabled states
[1A[2K  29) [chromium] › tests/score-calculation.spec.ts:141:3 › Score Calculation › score reflects changes in variable overrides 

    [31mTest timeout of 120000ms exceeded.[39m

    Error: locator.textContent: Test timeout of 120000ms exceeded.
    Call log:
    [2m  - waiting for locator('[data-testid="score-badge"]')[22m


      148 |
      149 |     const scoreBadge = page.locator('[data-testid="score-badge"]');
    > 150 |     const initialScoreText = await scoreBadge.textContent();
          |                                               ^
      151 |     const initialScore = initialScoreText ? parseInt(initialScoreText.replace('Score: ', ''), 10) : 0;
      152 |
      153 |     // Find and modify a variable that affects disposable income
        at /Users/rudolfchrispens/Documents/GIT/TaxLawEvaluator/tests/score-calculation.spec.ts:150:47

    Error Context: test-results/score-calculation-Score-Ca-6ec93-anges-in-variable-overrides-chromium/error-context.md


[1A[2K  30) [chromium] › tests/yaml-integrity.spec.ts:112:3 › YAML Integrity & Structure › saved scenario graph includes correct node positions 

    [31mTest timeout of 120000ms exceeded.[39m

    Error: page.fill: Test timeout of 120000ms exceeded.
    Call log:
    [2m  - waiting for locator('[data-testid="scenario-name-input"]')[22m
    [2m    - locator resolved to <input disabled value="" type="text" placeholder="Scenario name…" data-testid="scenario-name-input" class="w-full h-9 text-sm border border-border rounded-lg px-3 focus:outline-none focus:ring-2 focus:ring-ring disabled:bg-muted disabled:cursor-not-allowed bg-background text-foreground placeholder:text-muted-foreground/50"/>[22m
    [2m    - fill("Positions Test - 1774801128129")[22m
    [2m  - attempting fill action[22m
    [2m    2 × waiting for element to be visible, enabled and editable[22m
    [2m      - element is not enabled[22m
    [2m    - retrying fill action[22m
    [2m    - waiting 20ms[22m
    [2m    2 × waiting for element to be visible, enabled and editable[22m
    [2m      - element is not enabled[22m
    [2m    - retrying fill action[22m
    [2m      - waiting 100ms[22m
    [2m    232 × waiting for element to be visible, enabled and editable[22m
    [2m        - element is not enabled[22m
    [2m      - retrying fill action[22m
    [2m        - waiting 500ms[22m


      122 |     // Save the scenario
      123 |     const scenarioName = uniqueName('Positions Test');
    > 124 |     await page.fill('[data-testid="scenario-name-input"]', scenarioName);
          |                ^
      125 |     await page.click('[data-testid="save-scenario-button"]');
      126 |     await page.waitForTimeout(200);
      127 |
        at /Users/rudolfchrispens/Documents/GIT/TaxLawEvaluator/tests/yaml-integrity.spec.ts:124:16

    Error Context: test-results/yaml-integrity-YAML-Integr-122da-udes-correct-node-positions-chromium/error-context.md


[1A[2K  31) [chromium] › tests/yaml-integrity.spec.ts:149:3 › YAML Integrity & Structure › tax law graph YAML includes all node and link information 

    [31mTest timeout of 120000ms exceeded.[39m

    Error: page.fill: Test timeout of 120000ms exceeded.
    Call log:
    [2m  - waiting for locator('[data-testid="tax-law-name-input"]')[22m
    [2m    - locator resolved to <input disabled value="" type="text" placeholder="Law name…" data-testid="tax-law-name-input" class="w-full h-9 text-sm border border-border rounded-lg px-3 focus:outline-none focus:ring-2 focus:ring-ring disabled:bg-muted disabled:cursor-not-allowed bg-background text-foreground placeholder:text-muted-foreground/50"/>[22m
    [2m    - fill("Saved Tax Law - 1774801130457")[22m
    [2m  - attempting fill action[22m
    [2m    2 × waiting for element to be visible, enabled and editable[22m
    [2m      - element is not enabled[22m
    [2m    - retrying fill action[22m
    [2m    - waiting 20ms[22m
    [2m    2 × waiting for element to be visible, enabled and editable[22m
    [2m      - element is not enabled[22m
    [2m    - retrying fill action[22m
    [2m      - waiting 100ms[22m
    [2m    230 × waiting for element to be visible, enabled and editable[22m
    [2m        - element is not enabled[22m
    [2m      - retrying fill action[22m
    [2m        - waiting 500ms[22m


      169 |     // Save tax law
      170 |     const taxLawName = uniqueName('Saved Tax Law');
    > 171 |     await page.fill('[data-testid="tax-law-name-input"]', taxLawName);
          |                ^
      172 |     await page.click('[data-testid="save-tax-law-button"]');
      173 |     await page.waitForTimeout(200);
      174 |
        at /Users/rudolfchrispens/Documents/GIT/TaxLawEvaluator/tests/yaml-integrity.spec.ts:171:16

    Error Context: test-results/yaml-integrity-YAML-Integr-9db80-l-node-and-link-information-chromium/error-context.md


[1A[2K  31 failed
    [chromium] › tests/benchmark-comprehensive.spec.ts:32:3 › Benchmark Features (Comprehensive) › benchmark modal requires all fields before saving 
    [chromium] › tests/benchmark-comprehensive.spec.ts:63:3 › Benchmark Features (Comprehensive) › benchmark with multiple targets 
    [chromium] › tests/error-handling.spec.ts:7:3 › Error Handling & Edge Cases › invalid formula syntax shows error message 
    [chromium] › tests/error-handling.spec.ts:63:3 › Error Handling & Edge Cases › creating node with very long name handles gracefully 
    [chromium] › tests/error-handling.spec.ts:119:3 › Error Handling & Edge Cases › graph nodes render correctly after rapid creation 
    [chromium] › tests/graph-persistence-comprehensive.spec.ts:7:3 › Graph Persistence (Comprehensive) › saved scenario graph appears in dropdown after reload 
    [chromium] › tests/graph-persistence-comprehensive.spec.ts:30:3 › Graph Persistence (Comprehensive) › saved tax law graph appears in dropdown after reload 
    [chromium] › tests/graph-persistence-comprehensive.spec.ts:57:3 › Graph Persistence (Comprehensive) › loading saved scenario preserves custom nodes 
    [chromium] › tests/graph-persistence-comprehensive.spec.ts:80:3 › Graph Persistence (Comprehensive) › loading saved tax law preserves custom tax rules 
    [chromium] › tests/node-connections.spec.ts:7:3 › Node Connections › auto-wiring connects formula variables to source nodes 
    [chromium] › tests/node-connections.spec.ts:48:3 › Node Connections › multiple input ports appear for multiple variables in formula 
    [chromium] › tests/node-manipulation.spec.ts:27:3 › Node Manipulation › user can delete a tax rule node 
    [chromium] › tests/node-manipulation.spec.ts:56:3 › Node Manipulation › deleting a node also removes its connections 
    [chromium] › tests/performance.spec.ts:7:3 › Performance & Large Graphs › graph handles 20+ nodes without lag 
    [chromium] › tests/performance.spec.ts:55:3 › Performance & Large Graphs › node operations remain responsive with many nodes 
    [chromium] › tests/performance.spec.ts:106:3 › Performance & Large Graphs › graph with 30+ nodes loads and renders 
    [chromium] › tests/result-node-features.spec.ts:19:3 › Result Node Features › Result node can aggregate multiple inputs 
    [chromium] › tests/score-calculation.spec.ts:7:3 › Score Calculation › score updates when nodes are added 
    [chromium] › tests/score-calculation.spec.ts:37:3 › Score Calculation › score updates when nodes are removed 
    [chromium] › tests/score-calculation.spec.ts:68:3 › Score Calculation › score value is within expected range (0-1000) 
    [chromium] › tests/score-calculation.spec.ts:85:3 › Score Calculation › score badge displays correctly with different states 
    [chromium] › tests/score-calculation.spec.ts:107:3 › Score Calculation › complex tax graphs produce meaningful scores 
    [chromium] › tests/score-calculation.spec.ts:141:3 › Score Calculation › score reflects changes in variable overrides 
    [chromium] › tests/user-workflow.spec.ts:93:3 › User Persona Workflow › user can create a complex tax with multiple formularules 
    [chromium] › tests/variable-overrides.spec.ts:46:3 › Variable Overrides › score recalculates after variable override 
    [chromium] › tests/variable-overrides.spec.ts:84:3 › Variable Overrides › reset button restores default values 
    [chromium] › tests/variable-overrides.spec.ts:114:3 › Variable Overrides › score displays breakdown with base, penalties, and bonuses 
    [chromium] › tests/yaml-integrity.spec.ts:7:3 › YAML Integrity & Structure › scenario YAML contains correct structure after adding nodes 
    [chromium] › tests/yaml-integrity.spec.ts:41:3 › YAML Integrity & Structure › tax law YAML shows nodes and links after rule creation 
    [chromium] › tests/yaml-integrity.spec.ts:112:3 › YAML Integrity & Structure › saved scenario graph includes correct node positions 
    [chromium] › tests/yaml-integrity.spec.ts:149:3 › YAML Integrity & Structure › tax law graph YAML includes all node and link information 
  1 did not run
  41 passed (9.4m)
